Java HotSpot(TM) 64-Bit Server VM (25.101-b13) for bsd-amd64 JRE (1.8.0_101-b13), built on Jun 22 2016 02:42:15 by "java_re" with gcc 4.2.1 (Based on Apple Inc. build 5658) (LLVM build 2336.11.00)
Memory: 4k page, physical 16777216k(2350720k free)

/proc/meminfo:

CommandLine flags: -XX:-BytecodeVerificationLocal -XX:-BytecodeVerificationRemote -XX:InitialHeapSize=33554432 -XX:+ManagementServer -XX:MaxHeapSize=33554432 -XX:+PrintGC -XX:+PrintGCTimeStamps -XX:ThreadStackSize=256 -XX:TieredStopAtLevel=1 -XX:+UseCompressedClassPointers -XX:+UseCompressedOops -XX:+UseParallelGC 
5.335: [GC (Allocation Failure)  8704K->1539K(31744K), 0.0029889 secs]
5.449: [GC (Allocation Failure)  10243K->2899K(31744K), 0.0022373 secs]
5.513: [GC (Allocation Failure)  11603K->3886K(31744K), 0.0018788 secs]
5.549: [GC (Allocation Failure)  12590K->4782K(31744K), 0.0019061 secs]
5.586: [GC (Allocation Failure)  13486K->5788K(31744K), 0.0194149 secs]
5.647: [GC (Allocation Failure)  14492K->6623K(28672K), 0.0021494 secs]
5.668: [GC (Allocation Failure)  12255K->7029K(30208K), 0.0019696 secs]
5.688: [GC (Allocation Failure)  12661K->7236K(29184K), 0.0017768 secs]
5.708: [GC (Allocation Failure)  11844K->7526K(29696K), 0.0016949 secs]
5.732: [GC (Allocation Failure)  12134K->7660K(29696K), 0.0014155 secs]
5.754: [GC (Allocation Failure)  12268K->7993K(29696K), 0.0010105 secs]
5.773: [GC (Allocation Failure)  12601K->7982K(29696K), 0.0012759 secs]
5.809: [GC (Allocation Failure)  12590K->8072K(29696K), 0.0012727 secs]
5.874: [GC (Allocation Failure)  12680K->8301K(29696K), 0.0016050 secs]
9.936: [GC (Allocation Failure)  12909K->8648K(29696K), 0.0030183 secs]
10.669: [GC (Allocation Failure)  13256K->9085K(28672K), 0.0013341 secs]
10.693: [GC (Allocation Failure)  13693K->9336K(29184K), 0.0011250 secs]
18.057: [GC (Allocation Failure)  13944K->9245K(30208K), 0.0011731 secs]
20.746: [GC (Allocation Failure)  14877K->9415K(30208K), 0.0016040 secs]
20.775: [GC (Metadata GC Threshold)  14936K->9684K(30208K), 0.0016065 secs]
20.777: [Full GC (Metadata GC Threshold)  9684K->7220K(26112K), 0.0306434 secs]
20.852: [GC (Allocation Failure)  12852K->8112K(26112K), 0.0010353 secs]
20.874: [GC (Allocation Failure)  13744K->7970K(26112K), 0.0009405 secs]
20.920: [GC (Allocation Failure)  13602K->8101K(24576K), 0.0021977 secs]
20.962: [GC (Allocation Failure)  13733K->8476K(25600K), 0.0020487 secs]
20.998: [GC (Allocation Failure)  14108K->8796K(25600K), 0.0023332 secs]
21.045: [GC (Allocation Failure)  14420K->9071K(26624K), 0.0015827 secs]
21.113: [GC (Allocation Failure)  15727K->9415K(26624K), 0.0014457 secs]
21.149: [GC (Allocation Failure)  16071K->9618K(26624K), 0.0016220 secs]
21.184: [GC (Allocation Failure)  16274K->9415K(26624K), 0.0015707 secs]
21.216: [GC (Allocation Failure)  16071K->9727K(26624K), 0.0014906 secs]
21.245: [GC (Allocation Failure)  16383K->10215K(25600K), 0.0016161 secs]
21.275: [GC (Allocation Failure)  16871K->10653K(26112K), 0.0016762 secs]
21.313: [GC (Allocation Failure)  17309K->10927K(26112K), 0.0017957 secs]
21.345: [GC (Allocation Failure)  17583K->11359K(27136K), 0.0014376 secs]
21.386: [GC (Allocation Failure)  19039K->11982K(27136K), 0.0016026 secs]
21.441: [GC (Allocation Failure)  19662K->15604K(24064K), 0.0043770 secs]
21.479: [GC (Allocation Failure)  20212K->16535K(25600K), 0.0039780 secs]
21.530: [GC (Allocation Failure)  21143K->16732K(25088K), 0.0032367 secs]
21.563: [GC (Allocation Failure)  21852K->16672K(25600K), 0.0026558 secs]
21.566: [Full GC (Ergonomics)  16672K->13854K(29696K), 0.0664522 secs]
21.657: [GC (Allocation Failure)  18974K->14527K(30208K), 0.0015123 secs]
21.690: [GC (Allocation Failure)  20159K->14413K(30208K), 0.0012755 secs]
21.724: [GC (Allocation Failure)  20045K->14841K(30208K), 0.0018299 secs]
21.746: [GC (Allocation Failure)  20473K->14957K(30208K), 0.0012409 secs]
21.766: [GC (Allocation Failure)  20589K->15381K(29184K), 0.0013362 secs]
21.785: [GC (Allocation Failure)  21013K->15517K(29696K), 0.0013511 secs]
21.808: [GC (Allocation Failure)  21149K->15855K(30720K), 0.0013491 secs]
21.833: [GC (Allocation Failure)  22511K->16229K(30720K), 0.0012389 secs]
21.854: [GC (Allocation Failure)  22885K->16963K(30720K), 0.0012980 secs]
21.881: [GC (Allocation Failure)  23619K->17325K(30720K), 0.0023579 secs]
21.909: [GC (Allocation Failure)  23981K->17662K(30720K), 0.0029946 secs]
21.948: [GC (Allocation Failure)  24318K->17870K(29696K), 0.0015272 secs]
21.967: [GC (Allocation Failure)  24526K->18086K(30208K), 0.0014611 secs]
21.989: [GC (Allocation Failure)  24742K->18502K(30208K), 0.0021574 secs]
22.045: [GC (Allocation Failure)  25158K->19022K(31232K), 0.0020655 secs]
100.871: [GC (Allocation Failure)  26701K->19661K(31232K), 0.0130843 secs]
100.981: [GC (Allocation Failure)  27341K->20084K(31232K), 0.0035936 secs]
446.160: [GC (Allocation Failure)  27764K->20230K(31232K), 0.0031621 secs]
446.593: [GC (Allocation Failure)  27910K->19786K(31232K), 0.0016526 secs]
446.941: [GC (Allocation Failure)  27465K->19794K(31232K), 0.0016656 secs]
447.285: [GC (Allocation Failure)  27474K->19850K(31232K), 0.0019244 secs]
447.613: [GC (Allocation Failure)  27530K->19842K(31232K), 0.0013892 secs]
447.937: [GC (Allocation Failure)  27522K->19858K(31232K), 0.0017233 secs]
448.242: [GC (Allocation Failure)  27538K->19882K(31232K), 0.0015034 secs]
448.558: [GC (Allocation Failure)  27561K->19874K(31232K), 0.0028775 secs]
448.906: [GC (Allocation Failure)  27554K->19930K(31232K), 0.0015827 secs]
449.291: [GC (Allocation Failure)  27610K->19890K(31232K), 0.0066568 secs]
449.626: [GC (Allocation Failure)  27570K->19962K(31232K), 0.0053617 secs]
449.910: [GC (Allocation Failure)  27642K->19970K(30208K), 0.0015571 secs]
450.187: [GC (Allocation Failure)  27650K->19946K(30720K), 0.0034651 secs]
450.489: [GC (Allocation Failure)  27626K->19930K(31232K), 0.0017084 secs]
450.810: [GC (Allocation Failure)  28122K->20002K(31232K), 0.0017287 secs]
451.107: [GC (Allocation Failure)  28194K->19998K(31744K), 0.0014960 secs]
451.487: [GC (Allocation Failure)  28702K->20094K(31744K), 0.0016637 secs]
451.839: [GC (Allocation Failure)  28798K->20086K(31744K), 0.0012423 secs]
452.282: [GC (Allocation Failure)  28788K->20078K(31744K), 0.0046955 secs]
452.726: [GC (Allocation Failure)  28782K->20142K(31744K), 0.0012745 secs]
453.337: [GC (Allocation Failure)  28842K->20158K(31744K), 0.0020046 secs]
453.769: [GC (Allocation Failure)  28862K->20182K(31744K), 0.0017912 secs]
454.281: [GC (Allocation Failure)  28886K->20238K(31744K), 0.0018873 secs]
454.816: [GC (Allocation Failure)  28936K->20222K(31744K), 0.0013837 secs]
455.269: [GC (Allocation Failure)  28926K->20238K(31744K), 0.0013880 secs]
455.868: [GC (Allocation Failure)  28942K->20254K(31744K), 0.0013210 secs]
456.442: [GC (Allocation Failure)  28958K->20278K(31744K), 0.0015964 secs]
457.106: [GC (Allocation Failure)  28982K->20294K(31744K), 0.0013275 secs]
457.707: [GC (Allocation Failure)  28998K->20342K(31744K), 0.0014348 secs]
458.387: [GC (Allocation Failure)  29046K->20326K(31744K), 0.0014518 secs]
459.087: [GC (Allocation Failure)  29030K->20374K(31744K), 0.0017080 secs]
459.780: [GC (Allocation Failure)  29078K->20358K(31744K), 0.0014136 secs]
460.585: [GC (Allocation Failure)  29062K->20374K(31744K), 0.0019981 secs]
461.737: [GC (Allocation Failure)  29078K->20406K(31744K), 0.0014035 secs]
462.667: [GC (Allocation Failure)  29622K->20422K(31744K), 0.0014265 secs]
463.716: [GC (Allocation Failure)  29638K->20406K(32256K), 0.0017559 secs]
464.602: [GC (Allocation Failure)  30134K->20390K(32256K), 0.0021414 secs]
465.517: [GC (Allocation Failure)  30118K->20478K(32256K), 0.0014234 secs]
466.453: [GC (Allocation Failure)  30206K->20430K(32256K), 0.0023551 secs]
467.384: [GC (Allocation Failure)  30158K->20510K(32256K), 0.0014917 secs]
468.370: [GC (Allocation Failure)  30238K->20494K(32256K), 0.0020045 secs]
469.433: [GC (Allocation Failure)  30222K->20574K(32256K), 0.0019960 secs]
470.544: [GC (Allocation Failure)  30302K->20590K(32256K), 0.0020521 secs]
471.729: [GC (Allocation Failure)  30318K->20574K(32256K), 0.0015075 secs]
473.299: [GC (Allocation Failure)  30302K->20558K(32256K), 0.0022058 secs]
474.634: [GC (Allocation Failure)  30286K->20574K(32256K), 0.0022131 secs]
476.135: [GC (Allocation Failure)  30302K->20622K(32256K), 0.0015350 secs]
477.440: [GC (Allocation Failure)  30350K->20638K(32256K), 0.0014643 secs]
478.773: [GC (Allocation Failure)  30366K->20662K(32256K), 0.0014261 secs]
480.407: [GC (Allocation Failure)  30390K->20678K(32256K), 0.0021717 secs]
482.098: [GC (Allocation Failure)  30406K->20694K(32256K), 0.0017052 secs]
488.661: [GC (Allocation Failure)  30422K->20742K(32256K), 0.0016401 secs]
490.126: [GC (Allocation Failure)  30470K->20726K(32256K), 0.0014910 secs]
491.460: [GC (Allocation Failure)  30451K->20742K(32256K), 0.0014497 secs]
492.923: [GC (Allocation Failure)  30470K->20758K(32256K), 0.0014957 secs]
493.754: [GC (Allocation Failure)  30486K->20774K(32256K), 0.0014637 secs]
495.112: [GC (Allocation Failure)  30502K->20822K(32256K), 0.0014144 secs]
496.080: [GC (Allocation Failure)  30550K->20806K(32256K), 0.0015307 secs]
496.968: [GC (Allocation Failure)  30530K->20822K(32256K), 0.0014215 secs]
497.872: [GC (Allocation Failure)  30550K->20870K(32256K), 0.0014792 secs]
498.946: [GC (Allocation Failure)  30598K->20854K(32256K), 0.0017293 secs]
499.682: [GC (Allocation Failure)  30579K->20878K(32256K), 0.0014498 secs]
500.696: [GC (Allocation Failure)  30606K->20894K(32256K), 0.0014101 secs]
501.673: [GC (Allocation Failure)  30622K->20942K(32256K), 0.0013086 secs]
502.716: [GC (Allocation Failure)  30667K->20958K(32256K), 0.0013249 secs]
503.732: [GC (Allocation Failure)  30686K->20974K(32256K), 0.0013040 secs]
504.542: [GC (Allocation Failure)  30701K->20926K(32256K), 0.0021526 secs]
505.482: [GC (Allocation Failure)  30654K->21006K(32256K), 0.0016097 secs]
506.420: [GC (Allocation Failure)  30734K->20990K(32256K), 0.0014429 secs]
507.381: [GC (Allocation Failure)  30712K->21006K(32256K), 0.0015246 secs]
508.259: [GC (Allocation Failure)  30734K->21022K(32256K), 0.0013178 secs]
509.048: [GC (Allocation Failure)  30744K->21038K(32256K), 0.0016819 secs]
509.953: [GC (Allocation Failure)  30766K->21054K(32256K), 0.0025780 secs]
510.829: [GC (Allocation Failure)  30782K->21070K(32256K), 0.0013943 secs]
511.863: [GC (Allocation Failure)  30798K->21118K(32256K), 0.0014582 secs]
512.690: [GC (Allocation Failure)  30839K->21102K(32256K), 0.0015072 secs]
513.662: [GC (Allocation Failure)  30826K->21118K(32256K), 0.0013703 secs]
514.729: [GC (Allocation Failure)  30846K->21102K(32256K), 0.0064200 secs]
515.798: [GC (Allocation Failure)  30830K->21150K(32256K), 0.0014302 secs]
516.769: [GC (Allocation Failure)  30878K->21166K(32256K), 0.0021539 secs]
517.840: [GC (Allocation Failure)  30894K->21214K(32256K), 0.0020419 secs]
518.768: [GC (Allocation Failure)  30942K->21166K(32256K), 0.0020577 secs]
519.627: [GC (Allocation Failure)  30894K->21246K(32256K), 0.0015435 secs]
520.516: [GC (Allocation Failure)  30974K->21262K(32256K), 0.0013992 secs]
521.446: [GC (Allocation Failure)  30990K->21214K(32256K), 0.0018990 secs]
522.417: [GC (Allocation Failure)  30942K->21262K(32256K), 0.0014391 secs]
523.498: [GC (Allocation Failure)  30984K->21278K(32256K), 0.0015082 secs]
524.512: [GC (Allocation Failure)  31006K->21294K(32256K), 0.0013663 secs]
525.549: [GC (Allocation Failure)  31022K->21310K(32256K), 0.0014947 secs]
526.958: [GC (Allocation Failure)  31038K->21334K(32256K), 0.0015119 secs]
528.324: [GC (Allocation Failure)  31062K->21350K(32256K), 0.0015422 secs]
529.984: [GC (Allocation Failure)  31078K->21398K(32256K), 0.0021811 secs]
532.016: [GC (Allocation Failure)  31119K->21414K(32256K), 0.0013875 secs]
533.976: [GC (Allocation Failure)  31142K->21398K(32256K), 0.0012447 secs]
535.738: [GC (Allocation Failure)  31126K->21414K(32256K), 0.0014881 secs]
537.454: [GC (Allocation Failure)  31142K->21430K(32256K), 0.0014660 secs]
538.820: [GC (Allocation Failure)  31158K->21446K(32256K), 0.0040173 secs]
540.031: [GC (Allocation Failure)  31174K->21494K(32256K), 0.0014071 secs]
541.222: [GC (Allocation Failure)  31222K->21478K(32256K), 0.0017295 secs]
542.750: [GC (Allocation Failure)  31206K->21494K(32256K), 0.0015113 secs]
544.420: [GC (Allocation Failure)  31216K->21510K(32256K), 0.0014326 secs]
545.745: [GC (Allocation Failure)  31238K->21526K(32256K), 0.0016587 secs]
546.678: [GC (Allocation Failure)  31254K->21574K(32256K), 0.0018213 secs]
548.761: [GC (Allocation Failure)  31302K->21558K(32256K), 0.0014436 secs]
549.647: [GC (Allocation Failure)  31286K->21606K(32256K), 0.0013264 secs]
551.076: [GC (Allocation Failure)  31334K->21590K(32256K), 0.0025818 secs]
552.212: [GC (Allocation Failure)  31318K->21606K(32256K), 0.0016037 secs]
553.589: [GC (Allocation Failure)  31334K->21622K(32256K), 0.0014840 secs]
554.721: [GC (Allocation Failure)  31343K->21638K(32256K), 0.0014370 secs]
555.849: [GC (Allocation Failure)  31363K->21686K(32256K), 0.0021274 secs]
556.896: [GC (Allocation Failure)  31414K->21670K(32256K), 0.0014359 secs]
558.013: [GC (Allocation Failure)  31394K->21718K(32256K), 0.0014152 secs]
559.025: [GC (Allocation Failure)  31446K->21734K(32256K), 0.0013937 secs]
560.098: [GC (Allocation Failure)  31462K->21718K(32256K), 0.0013022 secs]
560.958: [GC (Allocation Failure)  31446K->21742K(32256K), 0.0013962 secs]
561.917: [GC (Allocation Failure)  31470K->21726K(32256K), 0.0018863 secs]
562.957: [GC (Allocation Failure)  31454K->21774K(32256K), 0.0014589 secs]
563.987: [GC (Allocation Failure)  31502K->21790K(32256K), 0.0014321 secs]
565.335: [GC (Allocation Failure)  31518K->21806K(32256K), 0.0014232 secs]
566.368: [GC (Allocation Failure)  31534K->21822K(32256K), 0.0015336 secs]
567.311: [GC (Allocation Failure)  31546K->21838K(32256K), 0.0014929 secs]
568.313: [GC (Allocation Failure)  31566K->21854K(32256K), 0.0014970 secs]
569.211: [GC (Allocation Failure)  31582K->21870K(32256K), 0.0044150 secs]
570.286: [GC (Allocation Failure)  31597K->21886K(32256K), 0.0020585 secs]
571.257: [GC (Allocation Failure)  31614K->21934K(32256K), 0.0014562 secs]
572.339: [GC (Allocation Failure)  31662K->21918K(32256K), 0.0014916 secs]
573.412: [GC (Allocation Failure)  31646K->21974K(32256K), 0.0016669 secs]
574.484: [GC (Allocation Failure)  31702K->21966K(32256K), 0.0016026 secs]
575.641: [GC (Allocation Failure)  31694K->22022K(32256K), 0.0026655 secs]
576.793: [GC (Allocation Failure)  31750K->22006K(32256K), 0.0015013 secs]
577.908: [GC (Allocation Failure)  31734K->22022K(32256K), 0.0014886 secs]
579.229: [GC (Allocation Failure)  31750K->22038K(32256K), 0.0014817 secs]
580.316: [GC (Allocation Failure)  31766K->22054K(32256K), 0.0017841 secs]
581.449: [GC (Allocation Failure)  31782K->22070K(32256K), 0.0016082 secs]
582.634: [GC (Allocation Failure)  31798K->22118K(32256K), 0.0020133 secs]
583.737: [GC (Allocation Failure)  31846K->22102K(32256K), 0.0017861 secs]
584.861: [GC (Allocation Failure)  31830K->22118K(32256K), 0.0018658 secs]
585.812: [GC (Allocation Failure)  31846K->22102K(32256K), 0.0017054 secs]
586.899: [GC (Allocation Failure)  31823K->22158K(32256K), 0.0014326 secs]
588.060: [GC (Allocation Failure)  31885K->22174K(32256K), 0.0014468 secs]
589.270: [GC (Allocation Failure)  31902K->22222K(32256K), 0.0016725 secs]
590.585: [GC (Allocation Failure)  31950K->22206K(32256K), 0.0015242 secs]
591.816: [GC (Allocation Failure)  31934K->22222K(32256K), 0.0019223 secs]
591.818: [Full GC (Ergonomics)  22222K->14757K(32256K), 0.0980432 secs]
593.175: [GC (Allocation Failure)  24484K->14885K(32256K), 0.0016274 secs]
594.373: [GC (Allocation Failure)  24613K->14885K(32256K), 0.0015069 secs]
595.649: [GC (Allocation Failure)  24606K->14885K(32256K), 0.0013913 secs]
596.829: [GC (Allocation Failure)  24613K->14885K(32256K), 0.0012871 secs]
598.047: [GC (Allocation Failure)  24613K->14853K(32256K), 0.0014587 secs]
599.283: [GC (Allocation Failure)  24581K->14885K(32256K), 0.0035269 secs]
600.501: [GC (Allocation Failure)  24613K->14917K(32256K), 0.0016123 secs]
601.613: [GC (Allocation Failure)  24645K->14949K(32256K), 0.0012806 secs]
602.829: [GC (Allocation Failure)  24677K->14949K(32256K), 0.0012370 secs]
604.139: [GC (Allocation Failure)  24677K->14949K(32256K), 0.0016359 secs]
605.355: [GC (Allocation Failure)  24677K->14949K(32256K), 0.0018823 secs]
606.548: [GC (Allocation Failure)  24677K->14949K(32256K), 0.0016707 secs]
607.715: [GC (Allocation Failure)  24677K->14949K(32256K), 0.0015926 secs]
608.853: [GC (Allocation Failure)  24677K->14981K(32256K), 0.0015510 secs]
610.029: [GC (Allocation Failure)  24709K->14981K(32256K), 0.0018311 secs]
611.213: [GC (Allocation Failure)  24709K->15005K(32256K), 0.0022813 secs]
612.530: [GC (Allocation Failure)  24733K->15029K(32256K), 0.0019450 secs]
613.683: [GC (Allocation Failure)  24757K->15021K(32256K), 0.0017353 secs]
614.814: [GC (Allocation Failure)  24749K->15037K(32256K), 0.0016072 secs]
615.870: [GC (Allocation Failure)  24765K->15085K(32256K), 0.0018373 secs]
617.002: [GC (Allocation Failure)  24813K->15069K(32256K), 0.0018516 secs]
618.353: [GC (Allocation Failure)  24797K->15085K(32256K), 0.0020793 secs]
619.663: [GC (Allocation Failure)  24813K->15133K(32256K), 0.0013434 secs]
620.983: [GC (Allocation Failure)  24861K->15117K(32256K), 0.0018473 secs]
622.105: [GC (Allocation Failure)  24845K->15165K(32256K), 0.0013965 secs]
623.295: [GC (Allocation Failure)  24893K->15117K(32256K), 0.0021337 secs]
624.559: [GC (Allocation Failure)  24845K->15197K(32256K), 0.0021219 secs]
625.709: [GC (Allocation Failure)  24925K->15213K(32256K), 0.0027583 secs]
626.806: [GC (Allocation Failure)  24941K->15229K(32256K), 0.0013153 secs]
627.900: [GC (Allocation Failure)  24950K->15245K(32256K), 0.0013488 secs]
628.840: [GC (Allocation Failure)  24973K->15261K(32256K), 0.0037535 secs]
630.293: [GC (Allocation Failure)  24989K->15277K(32256K), 0.0012308 secs]
631.495: [GC (Allocation Failure)  25005K->15293K(32256K), 0.0013846 secs]
632.390: [GC (Allocation Failure)  25021K->15341K(32256K), 0.0013759 secs]
633.513: [GC (Allocation Failure)  25069K->15325K(32256K), 0.0014129 secs]
634.915: [GC (Allocation Failure)  25053K->15309K(32256K), 0.0022265 secs]
636.460: [GC (Allocation Failure)  25033K->15357K(32256K), 0.0020101 secs]
637.665: [GC (Allocation Failure)  25085K->15373K(32256K), 0.0014068 secs]
639.099: [GC (Allocation Failure)  25101K->15357K(32256K), 0.0020426 secs]
640.291: [GC (Allocation Failure)  25080K->15405K(32256K), 0.0013819 secs]
641.521: [GC (Allocation Failure)  25133K->15421K(32256K), 0.0013535 secs]
642.868: [GC (Allocation Failure)  25149K->15469K(32256K), 0.0013624 secs]
644.142: [GC (Allocation Failure)  25197K->15421K(32256K), 0.0016432 secs]
645.419: [GC (Allocation Failure)  25141K->15477K(32256K), 0.0014463 secs]
646.590: [GC (Allocation Failure)  25203K->15493K(32256K), 0.0013937 secs]
647.753: [GC (Allocation Failure)  25221K->15477K(32256K), 0.0026839 secs]
649.005: [GC (Allocation Failure)  25205K->15565K(32256K), 0.0013786 secs]
650.204: [GC (Allocation Failure)  25293K->15581K(32256K), 0.0013422 secs]
651.501: [GC (Allocation Failure)  25309K->15565K(32256K), 0.0012504 secs]
652.650: [GC (Allocation Failure)  25293K->15581K(32256K), 0.0013135 secs]
654.009: [GC (Allocation Failure)  25306K->15597K(32256K), 0.0019949 secs]
655.205: [GC (Allocation Failure)  25325K->15645K(32256K), 0.0012372 secs]
656.284: [GC (Allocation Failure)  25371K->15629K(32256K), 0.0013504 secs]
657.564: [GC (Allocation Failure)  25357K->15645K(32256K), 0.0013233 secs]
658.754: [GC (Allocation Failure)  25373K->15669K(32256K), 0.0016479 secs]
659.873: [GC (Allocation Failure)  25397K->15685K(32256K), 0.0018218 secs]
660.971: [GC (Allocation Failure)  25413K->15733K(32256K), 0.0013528 secs]
662.119: [GC (Allocation Failure)  25461K->15717K(32256K), 0.0012569 secs]
663.429: [GC (Allocation Failure)  25445K->15733K(32256K), 0.0014042 secs]
664.870: [GC (Allocation Failure)  25461K->15749K(32256K), 0.0013827 secs]
667.450: [GC (Allocation Failure)  25474K->15797K(32256K), 0.0013899 secs]
668.638: [GC (Allocation Failure)  25525K->15781K(32256K), 0.0012986 secs]
669.539: [GC (Allocation Failure)  25502K->15797K(32256K), 0.0014087 secs]
670.637: [GC (Allocation Failure)  25525K->15813K(32256K), 0.0031003 secs]
671.718: [GC (Allocation Failure)  25536K->15861K(32256K), 0.0012527 secs]
673.048: [GC (Allocation Failure)  25589K->15845K(32256K), 0.0037092 secs]
674.318: [GC (Allocation Failure)  25573K->15861K(32256K), 0.0020224 secs]
675.426: [GC (Allocation Failure)  25587K->15877K(32256K), 0.0014852 secs]
676.674: [GC (Allocation Failure)  25605K->15893K(32256K), 0.0013773 secs]
677.989: [GC (Allocation Failure)  25621K->15909K(32256K), 0.0018838 secs]
679.221: [GC (Allocation Failure)  25637K->15925K(32256K), 0.0013750 secs]
680.328: [GC (Allocation Failure)  25653K->15981K(32256K), 0.0014093 secs]
681.504: [GC (Allocation Failure)  25709K->15965K(32256K), 0.0015230 secs]
682.601: [GC (Allocation Failure)  25693K->15981K(32256K), 0.0013987 secs]
683.890: [GC (Allocation Failure)  25709K->15997K(32256K), 0.0025535 secs]
685.267: [GC (Allocation Failure)  25725K->16013K(32256K), 0.0014212 secs]
686.807: [GC (Allocation Failure)  25734K->15997K(32256K), 0.0019176 secs]
688.422: [GC (Allocation Failure)  25725K->16045K(32256K), 0.0014338 secs]
689.541: [GC (Allocation Failure)  25773K->16093K(32256K), 0.0013946 secs]
690.448: [GC (Allocation Failure)  25821K->16045K(32256K), 0.0016878 secs]
691.831: [GC (Allocation Failure)  25773K->16093K(32256K), 0.0013862 secs]
693.177: [GC (Allocation Failure)  25816K->16109K(32256K), 0.0013230 secs]
694.036: [GC (Allocation Failure)  25837K->16133K(32256K), 0.0013863 secs]
695.741: [GC (Allocation Failure)  25861K->16149K(32256K), 0.0013841 secs]
696.656: [GC (Allocation Failure)  25877K->16165K(32256K), 0.0013865 secs]
697.778: [GC (Allocation Failure)  25893K->16181K(32256K), 0.0014388 secs]
699.144: [GC (Allocation Failure)  25907K->16197K(32256K), 0.0014874 secs]
700.549: [GC (Allocation Failure)  25920K->16213K(32256K), 0.0013714 secs]
701.745: [GC (Allocation Failure)  25941K->16229K(32256K), 0.0017763 secs]
702.724: [GC (Allocation Failure)  25957K->16245K(32256K), 0.0014109 secs]
703.746: [GC (Allocation Failure)  25968K->16197K(32256K), 0.0015106 secs]
705.064: [GC (Allocation Failure)  25925K->16277K(32256K), 0.0013735 secs]
706.505: [GC (Allocation Failure)  26005K->16325K(32256K), 0.0013594 secs]
707.655: [GC (Allocation Failure)  26053K->16341K(32256K), 0.0013310 secs]
708.727: [GC (Allocation Failure)  26069K->16333K(32256K), 0.0013702 secs]
709.863: [GC (Allocation Failure)  26061K->16349K(32256K), 0.0013348 secs]
711.214: [GC (Allocation Failure)  26077K->16365K(32256K), 0.0013850 secs]
712.346: [GC (Allocation Failure)  26093K->16381K(32256K), 0.0014397 secs]
713.410: [GC (Allocation Failure)  26109K->16429K(32256K), 0.0013640 secs]
714.536: [GC (Allocation Failure)  26153K->16421K(32256K), 0.0014063 secs]
715.441: [GC (Allocation Failure)  26149K->16437K(32256K), 0.0014330 secs]
716.602: [GC (Allocation Failure)  26158K->16453K(32256K), 0.0014458 secs]
717.738: [GC (Allocation Failure)  26181K->16469K(32256K), 0.0013981 secs]
718.969: [GC (Allocation Failure)  26192K->16485K(32256K), 0.0014412 secs]
720.099: [GC (Allocation Failure)  26213K->16501K(32256K), 0.0013946 secs]
721.294: [GC (Allocation Failure)  26228K->16517K(32256K), 0.0014191 secs]
722.381: [GC (Allocation Failure)  26245K->16573K(32256K), 0.0013970 secs]
723.572: [GC (Allocation Failure)  26297K->16557K(32256K), 0.0014365 secs]
724.712: [GC (Allocation Failure)  26282K->16573K(32256K), 0.0014981 secs]
725.955: [GC (Allocation Failure)  26301K->16589K(32256K), 0.0013694 secs]
727.044: [GC (Allocation Failure)  26317K->16605K(32256K), 0.0013932 secs]
728.230: [GC (Allocation Failure)  26333K->16621K(32256K), 0.0013796 secs]
729.436: [GC (Allocation Failure)  26349K->16637K(32256K), 0.0013606 secs]
730.593: [GC (Allocation Failure)  26365K->16653K(32256K), 0.0014155 secs]
731.712: [GC (Allocation Failure)  26381K->16709K(32256K), 0.0013583 secs]
733.002: [GC (Allocation Failure)  26430K->16693K(32256K), 0.0014260 secs]
734.613: [GC (Allocation Failure)  26421K->16709K(32256K), 0.0014535 secs]
736.012: [GC (Allocation Failure)  26437K->16725K(32256K), 0.0014083 secs]
738.504: [GC (Allocation Failure)  26453K->16709K(32256K), 0.0032053 secs]
740.410: [GC (Allocation Failure)  26437K->16765K(32256K), 0.0014001 secs]
742.572: [GC (Allocation Failure)  26493K->16813K(32256K), 0.0030534 secs]
746.044: [GC (Allocation Failure)  26541K->16797K(32256K), 0.0013075 secs]
747.206: [GC (Allocation Failure)  26521K->16845K(32256K), 0.0014825 secs]
748.409: [GC (Allocation Failure)  26573K->16829K(32256K), 0.0013846 secs]
749.633: [GC (Allocation Failure)  26556K->16845K(32256K), 0.0014674 secs]
750.831: [GC (Allocation Failure)  26573K->16861K(32256K), 0.0013957 secs]
751.924: [GC (Allocation Failure)  26589K->16909K(32256K), 0.0014670 secs]
752.924: [GC (Allocation Failure)  26637K->16893K(32256K), 0.0013634 secs]
753.971: [GC (Allocation Failure)  26621K->16917K(32256K), 0.0013253 secs]
755.051: [GC (Allocation Failure)  26645K->16949K(32256K), 0.0018214 secs]
756.058: [GC (Allocation Failure)  26677K->16965K(32256K), 0.0014401 secs]
756.858: [GC (Allocation Failure)  26693K->16981K(32256K), 0.0018568 secs]
757.901: [GC (Allocation Failure)  26709K->17037K(32256K), 0.0016644 secs]
759.020: [GC (Allocation Failure)  26761K->17021K(32256K), 0.0013207 secs]
760.174: [GC (Allocation Failure)  26743K->17037K(32256K), 0.0014164 secs]
761.178: [GC (Allocation Failure)  26759K->17053K(32256K), 0.0014555 secs]
762.210: [GC (Allocation Failure)  26781K->17069K(32256K), 0.0013696 secs]
763.178: [GC (Allocation Failure)  26797K->17117K(32256K), 0.0013554 secs]
764.174: [GC (Allocation Failure)  26845K->17069K(32256K), 0.0016372 secs]
764.996: [GC (Allocation Failure)  26797K->17117K(32256K), 0.0014232 secs]
766.147: [GC (Allocation Failure)  26845K->17165K(32256K), 0.0014152 secs]
767.234: [GC (Allocation Failure)  26893K->17181K(32256K), 0.0014269 secs]
768.281: [GC (Allocation Failure)  26909K->17165K(32256K), 0.0018452 secs]
769.313: [GC (Allocation Failure)  26893K->17181K(32256K), 0.0014050 secs]
770.325: [GC (Allocation Failure)  26905K->17197K(32256K), 0.0014048 secs]
771.309: [GC (Allocation Failure)  26925K->17213K(32256K), 0.0013917 secs]
772.243: [GC (Allocation Failure)  26941K->17269K(32256K), 0.0013211 secs]
773.305: [GC (Allocation Failure)  26997K->17253K(32256K), 0.0013771 secs]
774.265: [GC (Allocation Failure)  26978K->17269K(32256K), 0.0015303 secs]
775.359: [GC (Allocation Failure)  26997K->17285K(32256K), 0.0012562 secs]
776.532: [GC (Allocation Failure)  27013K->17333K(32256K), 0.0012261 secs]
777.555: [GC (Allocation Failure)  27061K->17349K(32256K), 0.0013158 secs]
778.640: [GC (Allocation Failure)  27070K->17333K(32256K), 0.0039921 secs]
779.670: [GC (Allocation Failure)  27061K->17349K(32256K), 0.0016582 secs]
780.712: [GC (Allocation Failure)  27077K->17365K(32256K), 0.0014478 secs]
781.941: [GC (Allocation Failure)  27092K->17413K(32256K), 0.0013165 secs]
782.991: [GC (Allocation Failure)  27141K->17429K(32256K), 0.0013916 secs]
784.078: [GC (Allocation Failure)  27157K->17349K(32256K), 0.0033255 secs]
785.239: [GC (Allocation Failure)  27072K->17429K(32256K), 0.0014492 secs]
786.428: [GC (Allocation Failure)  27152K->17445K(32256K), 0.0015535 secs]
788.946: [GC (Allocation Failure)  27173K->17493K(32256K), 0.0013281 secs]
790.303: [GC (Allocation Failure)  27221K->17477K(32256K), 0.0014879 secs]
794.141: [GC (Allocation Failure)  27200K->17493K(32256K), 0.0014095 secs]
795.463: [GC (Allocation Failure)  27221K->17517K(32256K), 0.0013700 secs]
796.590: [GC (Allocation Failure)  27245K->17565K(32256K), 0.0016488 secs]
797.720: [GC (Allocation Failure)  27293K->17517K(32256K), 0.0018254 secs]
798.922: [GC (Allocation Failure)  27245K->17565K(32256K), 0.0013769 secs]
800.077: [GC (Allocation Failure)  27293K->17581K(32256K), 0.0014153 secs]
801.314: [GC (Allocation Failure)  27309K->17597K(32256K), 0.0012573 secs]
802.476: [GC (Allocation Failure)  27325K->17645K(32256K), 0.0015148 secs]
803.780: [GC (Allocation Failure)  27373K->17597K(32256K), 0.0018238 secs]
804.926: [GC (Allocation Failure)  27325K->17645K(32256K), 0.0014212 secs]
806.031: [GC (Allocation Failure)  27373K->17661K(32256K), 0.0013941 secs]
807.145: [GC (Allocation Failure)  27389K->17685K(32256K), 0.0014050 secs]
808.268: [GC (Allocation Failure)  27408K->17701K(32256K), 0.0014114 secs]
809.349: [GC (Allocation Failure)  27429K->17749K(32256K), 0.0035571 secs]
810.772: [GC (Allocation Failure)  27477K->17765K(32256K), 0.0012669 secs]
811.899: [GC (Allocation Failure)  27493K->17781K(32256K), 0.0012851 secs]
812.800: [GC (Allocation Failure)  27509K->17765K(32256K), 0.0014040 secs]
813.887: [GC (Allocation Failure)  27491K->17781K(32256K), 0.0014405 secs]
814.957: [GC (Allocation Failure)  27509K->17797K(32256K), 0.0014613 secs]
816.136: [GC (Allocation Failure)  27525K->17813K(32256K), 0.0012587 secs]
817.314: [GC (Allocation Failure)  27541K->17861K(32256K), 0.0013571 secs]
818.392: [GC (Allocation Failure)  27589K->17877K(32256K), 0.0013402 secs]
819.463: [GC (Allocation Failure)  27605K->17861K(32256K), 0.0014514 secs]
820.541: [GC (Allocation Failure)  27589K->17877K(32256K), 0.0014055 secs]
821.620: [GC (Allocation Failure)  27602K->17925K(32256K), 0.0013320 secs]
822.656: [GC (Allocation Failure)  27649K->17909K(32256K), 0.0014071 secs]
823.575: [GC (Allocation Failure)  27637K->17925K(32256K), 0.0014228 secs]
824.496: [GC (Allocation Failure)  27653K->17973K(32256K), 0.0013600 secs]
825.637: [GC (Allocation Failure)  27701K->17957K(32256K), 0.0013973 secs]
826.725: [GC (Allocation Failure)  27685K->17981K(32256K), 0.0016998 secs]
827.727: [GC (Allocation Failure)  27709K->17997K(32256K), 0.0018978 secs]
828.699: [GC (Allocation Failure)  27725K->18013K(32256K), 0.0014181 secs]
829.781: [GC (Allocation Failure)  27734K->18061K(32256K), 0.0014286 secs]
831.155: [GC (Allocation Failure)  27789K->18045K(32256K), 0.0013679 secs]
832.535: [GC (Allocation Failure)  27773K->18061K(32256K), 0.0012362 secs]
833.982: [GC (Allocation Failure)  27789K->18077K(32256K), 0.0018067 secs]
835.323: [GC (Allocation Failure)  27805K->18093K(32256K), 0.0023352 secs]
836.721: [GC (Allocation Failure)  27821K->18109K(32256K), 0.0013993 secs]
838.415: [GC (Allocation Failure)  27837K->18125K(32256K), 0.0014069 secs]
839.675: [GC (Allocation Failure)  27853K->18141K(32256K), 0.0014231 secs]
841.157: [GC (Allocation Failure)  27869K->18157K(32256K), 0.0015706 secs]
842.531: [GC (Allocation Failure)  27882K->18205K(32256K), 0.0014246 secs]
844.063: [GC (Allocation Failure)  27926K->18189K(32256K), 0.0013914 secs]
845.326: [GC (Allocation Failure)  27910K->18205K(32256K), 0.0013863 secs]
846.892: [GC (Allocation Failure)  27933K->18221K(32256K), 0.0016536 secs]
848.141: [GC (Allocation Failure)  27949K->18237K(32256K), 0.0014516 secs]
849.417: [GC (Allocation Failure)  27965K->18285K(32256K), 0.0013697 secs]
850.962: [GC (Allocation Failure)  28013K->18301K(32256K), 0.0013985 secs]
852.267: [GC (Allocation Failure)  28029K->18285K(32256K), 0.0014005 secs]
853.521: [GC (Allocation Failure)  28013K->18269K(32256K), 0.0019147 secs]
854.850: [GC (Allocation Failure)  27997K->18317K(32256K), 0.0014299 secs]
856.012: [GC (Allocation Failure)  28045K->18365K(32256K), 0.0013171 secs]
857.302: [GC (Allocation Failure)  28093K->18349K(32256K), 0.0013777 secs]
858.510: [GC (Allocation Failure)  28077K->18397K(32256K), 0.0018123 secs]
859.625: [GC (Allocation Failure)  28125K->18381K(32256K), 0.0016598 secs]
860.862: [GC (Allocation Failure)  28109K->18429K(32256K), 0.0013327 secs]
862.104: [GC (Allocation Failure)  28157K->18413K(32256K), 0.0016602 secs]
863.321: [GC (Allocation Failure)  28137K->18461K(32256K), 0.0016026 secs]
864.519: [GC (Allocation Failure)  28189K->18445K(32256K), 0.0018213 secs]
866.152: [GC (Allocation Failure)  28173K->18429K(32256K), 0.0072198 secs]
867.313: [GC (Allocation Failure)  28157K->18477K(32256K), 0.0013937 secs]
868.467: [GC (Allocation Failure)  28205K->18493K(32256K), 0.0020310 secs]
869.665: [GC (Allocation Failure)  28221K->18509K(32256K), 0.0014215 secs]
870.723: [GC (Allocation Failure)  28232K->18525K(32256K), 0.0016695 secs]
871.781: [GC (Allocation Failure)  28253K->18573K(32256K), 0.0013523 secs]
872.848: [GC (Allocation Failure)  28301K->18557K(32256K), 0.0012557 secs]
873.994: [GC (Allocation Failure)  28285K->18605K(32256K), 0.0012584 secs]
875.114: [GC (Allocation Failure)  28333K->18589K(32256K), 0.0014029 secs]
876.204: [GC (Allocation Failure)  28317K->18605K(32256K), 0.0013650 secs]
877.319: [GC (Allocation Failure)  28333K->18621K(32256K), 0.0013922 secs]
878.458: [GC (Allocation Failure)  28349K->18637K(32256K), 0.0014738 secs]
879.593: [GC (Allocation Failure)  28365K->18653K(32256K), 0.0013819 secs]
880.659: [GC (Allocation Failure)  28381K->18669K(32256K), 0.0013050 secs]
881.620: [GC (Allocation Failure)  28397K->18685K(32256K), 0.0013954 secs]
882.760: [GC (Allocation Failure)  28413K->18701K(32256K), 0.0014084 secs]
883.837: [GC (Allocation Failure)  28421K->18717K(32256K), 0.0013917 secs]
885.044: [GC (Allocation Failure)  28445K->18765K(32256K), 0.0014604 secs]
886.215: [GC (Allocation Failure)  28493K->18781K(32256K), 0.0014062 secs]
887.391: [GC (Allocation Failure)  28509K->18805K(32256K), 0.0018784 secs]
888.519: [GC (Allocation Failure)  28533K->18789K(32256K), 0.0015655 secs]
889.732: [GC (Allocation Failure)  28517K->18805K(32256K), 0.0019569 secs]
890.981: [GC (Allocation Failure)  28533K->18821K(32256K), 0.0014284 secs]
892.201: [GC (Allocation Failure)  28549K->18837K(32256K), 0.0013848 secs]
893.395: [GC (Allocation Failure)  28565K->18853K(32256K), 0.0019643 secs]
894.629: [GC (Allocation Failure)  28581K->18869K(32256K), 0.0014080 secs]
895.888: [GC (Allocation Failure)  28597K->18885K(32256K), 0.0014046 secs]
897.144: [GC (Allocation Failure)  28613K->18901K(32256K), 0.0014283 secs]
898.381: [GC (Allocation Failure)  28629K->18949K(32256K), 0.0013344 secs]
899.776: [GC (Allocation Failure)  28677K->18933K(32256K), 0.0015758 secs]
901.243: [GC (Allocation Failure)  28661K->18949K(32256K), 0.0013736 secs]
902.435: [GC (Allocation Failure)  28672K->18965K(32256K), 0.0014224 secs]
903.826: [GC (Allocation Failure)  28693K->19013K(32256K), 0.0012176 secs]
905.036: [GC (Allocation Failure)  28741K->18965K(32256K), 0.0016258 secs]
906.285: [GC (Allocation Failure)  28693K->19013K(32256K), 0.0016091 secs]
907.461: [GC (Allocation Failure)  28741K->19061K(32256K), 0.0012228 secs]
909.561: [GC (Allocation Failure)  28789K->19045K(32256K), 0.0032414 secs]
911.049: [GC (Allocation Failure)  28770K->19061K(32256K), 0.0013995 secs]
912.212: [GC (Allocation Failure)  28789K->19077K(32256K), 0.0014178 secs]
913.374: [GC (Allocation Failure)  28799K->19093K(32256K), 0.0014526 secs]
914.576: [GC (Allocation Failure)  28821K->19109K(32256K), 0.0013460 secs]
915.757: [GC (Allocation Failure)  28837K->19125K(32256K), 0.0013926 secs]
916.905: [GC (Allocation Failure)  28851K->19173K(32256K), 0.0013589 secs]
918.034: [GC (Allocation Failure)  28901K->19157K(32256K), 0.0014129 secs]
919.209: [GC (Allocation Failure)  28885K->19173K(32256K), 0.0014282 secs]
920.502: [GC (Allocation Failure)  28901K->19197K(32256K), 0.0018211 secs]
921.651: [GC (Allocation Failure)  28925K->19213K(32256K), 0.0014173 secs]
922.802: [GC (Allocation Failure)  28941K->19197K(32256K), 0.0018306 secs]
923.955: [GC (Allocation Failure)  28925K->19213K(32256K), 0.0018515 secs]
925.123: [GC (Allocation Failure)  28941K->19309K(32256K), 0.0013431 secs]
926.271: [GC (Allocation Failure)  29037K->19293K(32256K), 0.0013880 secs]
927.475: [GC (Allocation Failure)  29021K->19309K(32256K), 0.0019315 secs]
928.628: [GC (Allocation Failure)  29037K->19325K(32256K), 0.0033710 secs]
929.764: [GC (Allocation Failure)  29053K->19341K(32256K), 0.0013893 secs]
930.932: [GC (Allocation Failure)  29069K->19325K(32256K), 0.0019330 secs]
932.068: [GC (Allocation Failure)  29053K->19373K(32256K), 0.0017215 secs]
933.206: [GC (Allocation Failure)  29101K->19357K(32256K), 0.0016214 secs]
934.485: [GC (Allocation Failure)  29085K->19405K(32256K), 0.0014007 secs]
935.827: [GC (Allocation Failure)  29125K->19453K(32256K), 0.0013975 secs]
937.034: [GC (Allocation Failure)  29181K->19437K(32256K), 0.0035096 secs]
938.255: [GC (Allocation Failure)  29165K->19453K(32256K), 0.0012434 secs]
939.449: [GC (Allocation Failure)  29181K->19501K(32256K), 0.0014598 secs]
940.628: [GC (Allocation Failure)  29229K->19485K(32256K), 0.0013888 secs]
941.786: [GC (Allocation Failure)  29213K->19501K(32256K), 0.0012354 secs]
942.990: [GC (Allocation Failure)  29229K->19517K(32256K), 0.0014098 secs]
944.416: [GC (Allocation Failure)  29245K->19533K(32256K), 0.0020255 secs]
945.637: [GC (Allocation Failure)  29261K->19549K(32256K), 0.0013739 secs]
946.846: [GC (Allocation Failure)  29277K->19533K(32256K), 0.0016959 secs]
948.157: [GC (Allocation Failure)  29261K->19581K(32256K), 0.0013899 secs]
949.385: [GC (Allocation Failure)  29309K->19605K(32256K), 0.0014367 secs]
950.637: [GC (Allocation Failure)  29333K->19621K(32256K), 0.0014061 secs]
951.918: [GC (Allocation Failure)  29349K->19637K(32256K), 0.0013769 secs]
953.114: [GC (Allocation Failure)  29365K->19653K(32256K), 0.0016360 secs]
954.360: [GC (Allocation Failure)  29373K->19669K(32256K), 0.0015893 secs]
955.619: [GC (Allocation Failure)  29395K->19685K(32256K), 0.0013475 secs]
956.862: [GC (Allocation Failure)  29413K->19701K(32256K), 0.0014000 secs]
957.998: [GC (Allocation Failure)  29429K->19717K(32256K), 0.0014086 secs]
959.224: [GC (Allocation Failure)  29445K->19765K(32256K), 0.0035991 secs]
960.407: [GC (Allocation Failure)  29493K->19749K(32256K), 0.0014335 secs]
961.685: [GC (Allocation Failure)  29477K->19765K(32256K), 0.0014107 secs]
962.855: [GC (Allocation Failure)  29492K->19781K(32256K), 0.0014085 secs]
964.013: [GC (Allocation Failure)  29505K->19829K(32256K), 0.0013726 secs]
965.244: [GC (Allocation Failure)  29553K->19845K(32256K), 0.0014009 secs]
966.444: [GC (Allocation Failure)  29573K->19829K(32256K), 0.0013799 secs]
967.660: [GC (Allocation Failure)  29557K->19845K(32256K), 0.0013704 secs]
968.861: [GC (Allocation Failure)  29570K->19861K(32256K), 0.0013817 secs]
970.069: [GC (Allocation Failure)  29587K->19909K(32256K), 0.0012264 secs]
971.419: [GC (Allocation Failure)  29635K->19893K(32256K), 0.0013916 secs]
972.764: [GC (Allocation Failure)  29621K->19941K(32256K), 0.0013596 secs]
974.062: [GC (Allocation Failure)  29669K->19925K(32256K), 0.0013589 secs]
975.708: [GC (Allocation Failure)  29653K->19909K(32256K), 0.0025585 secs]
977.204: [GC (Allocation Failure)  29637K->19925K(32256K), 0.0034225 secs]
978.556: [GC (Allocation Failure)  29653K->19973K(32256K), 0.0014186 secs]
980.140: [GC (Allocation Failure)  29701K->19989K(32256K), 0.0012572 secs]
981.106: [GC (Allocation Failure)  29717K->20013K(32256K), 0.0019653 secs]
982.323: [GC (Allocation Failure)  29741K->20029K(32256K), 0.0015453 secs]
983.418: [GC (Allocation Failure)  29757K->20085K(32256K), 0.0013500 secs]
984.578: [GC (Allocation Failure)  29813K->20101K(32256K), 0.0013666 secs]
985.715: [GC (Allocation Failure)  29828K->20117K(32256K), 0.0013839 secs]
987.446: [GC (Allocation Failure)  29842K->20101K(32256K), 0.0014322 secs]
988.436: [GC (Allocation Failure)  29823K->20117K(32256K), 0.0013931 secs]
989.815: [GC (Allocation Failure)  29845K->20173K(32256K), 0.0013361 secs]
991.032: [GC (Allocation Failure)  29901K->20157K(32256K), 0.0017976 secs]
992.490: [GC (Allocation Failure)  29885K->20173K(32256K), 0.0014612 secs]
994.035: [GC (Allocation Failure)  29901K->20189K(32256K), 0.0014767 secs]
995.317: [GC (Allocation Failure)  29914K->20205K(32256K), 0.0014109 secs]
996.637: [GC (Allocation Failure)  29933K->20221K(32256K), 0.0013990 secs]
997.845: [GC (Allocation Failure)  29949K->20237K(32256K), 0.0014484 secs]
999.136: [GC (Allocation Failure)  29965K->20253K(32256K), 0.0014307 secs]
1000.796: [GC (Allocation Failure)  29980K->20269K(32256K), 0.0012621 secs]
1002.087: [GC (Allocation Failure)  29997K->20325K(32256K), 0.0013428 secs]
1003.233: [GC (Allocation Failure)  30053K->20309K(32256K), 0.0021110 secs]
1004.412: [GC (Allocation Failure)  30037K->20325K(32256K), 0.0022927 secs]
1005.736: [GC (Allocation Failure)  30053K->20341K(32256K), 0.0014038 secs]
1007.059: [GC (Allocation Failure)  30062K->20357K(32256K), 0.0013808 secs]
1008.268: [GC (Allocation Failure)  30084K->20373K(32256K), 0.0013989 secs]
1009.373: [GC (Allocation Failure)  30101K->20389K(32256K), 0.0014011 secs]
1010.668: [GC (Allocation Failure)  30117K->20413K(32256K), 0.0014415 secs]
1011.746: [GC (Allocation Failure)  30141K->20429K(32256K), 0.0014033 secs]
1012.837: [GC (Allocation Failure)  30157K->20445K(32256K), 0.0017632 secs]
1013.951: [GC (Allocation Failure)  30173K->20461K(32256K), 0.0018718 secs]
1015.035: [GC (Allocation Failure)  30189K->20509K(32256K), 0.0013661 secs]
1016.182: [GC (Allocation Failure)  30237K->20525K(32256K), 0.0013514 secs]
1017.339: [GC (Allocation Failure)  30252K->20509K(32256K), 0.0014022 secs]
1018.462: [GC (Allocation Failure)  30237K->20525K(32256K), 0.0013888 secs]
1019.634: [GC (Allocation Failure)  30253K->20541K(32256K), 0.0014070 secs]
1020.820: [GC (Allocation Failure)  30269K->20589K(32256K), 0.0013604 secs]
1022.018: [GC (Allocation Failure)  30316K->20605K(32256K), 0.0013796 secs]
1023.219: [GC (Allocation Failure)  30333K->20589K(32256K), 0.0014146 secs]
1024.394: [GC (Allocation Failure)  30317K->20605K(32256K), 0.0014023 secs]
1025.490: [GC (Allocation Failure)  30333K->20653K(32256K), 0.0030445 secs]
1026.691: [GC (Allocation Failure)  30381K->20669K(32256K), 0.0013586 secs]
1027.850: [GC (Allocation Failure)  30397K->20653K(32256K), 0.0018747 secs]
1029.055: [GC (Allocation Failure)  30381K->20701K(32256K), 0.0013687 secs]
1031.558: [GC (Allocation Failure)  30429K->20717K(32256K), 0.0017037 secs]
1033.508: [GC (Allocation Failure)  30445K->20733K(32256K), 0.0015829 secs]
1034.788: [GC (Allocation Failure)  30461K->20717K(32256K), 0.0019206 secs]
1036.439: [GC (Allocation Failure)  30439K->20733K(32256K), 0.0013798 secs]
1037.789: [GC (Allocation Failure)  30461K->20781K(32256K), 0.0013352 secs]
1039.304: [GC (Allocation Failure)  30509K->20765K(32256K), 0.0015631 secs]
1040.566: [GC (Allocation Failure)  30493K->20781K(32256K), 0.0015997 secs]
1041.620: [GC (Allocation Failure)  30509K->20797K(32256K), 0.0014110 secs]
1043.757: [GC (Allocation Failure)  30525K->20821K(32256K), 0.0016439 secs]
1044.849: [GC (Allocation Failure)  30549K->20869K(32256K), 0.0013803 secs]
1046.081: [GC (Allocation Failure)  30597K->20853K(32256K), 0.0013889 secs]
1047.322: [GC (Allocation Failure)  30581K->20901K(32256K), 0.0012905 secs]
1048.735: [GC (Allocation Failure)  30625K->20885K(32256K), 0.0035507 secs]
1049.952: [GC (Allocation Failure)  30613K->20933K(32256K), 0.0013578 secs]
1051.182: [GC (Allocation Failure)  30661K->20949K(32256K), 0.0019918 secs]
1052.427: [GC (Allocation Failure)  30677K->20933K(32256K), 0.0012653 secs]
1053.976: [GC (Allocation Failure)  30661K->20949K(32256K), 0.0013679 secs]
1055.661: [GC (Allocation Failure)  30677K->20965K(32256K), 0.0013382 secs]
1056.854: [GC (Allocation Failure)  30688K->21013K(32256K), 0.0013794 secs]
1057.981: [GC (Allocation Failure)  30741K->20997K(32256K), 0.0013849 secs]
1059.209: [GC (Allocation Failure)  30725K->21013K(32256K), 0.0013970 secs]
1060.380: [GC (Allocation Failure)  30740K->21061K(32256K), 0.0013588 secs]
1061.612: [GC (Allocation Failure)  30782K->21077K(32256K), 0.0012596 secs]
1062.738: [GC (Allocation Failure)  30805K->21093K(32256K), 0.0014195 secs]
1063.910: [GC (Allocation Failure)  30821K->21077K(32256K), 0.0018536 secs]
1065.140: [GC (Allocation Failure)  30805K->21093K(32256K), 0.0014060 secs]
1066.314: [GC (Allocation Failure)  30821K->21077K(32256K), 0.0018864 secs]
1067.479: [GC (Allocation Failure)  30805K->21125K(32256K), 0.0013688 secs]
1068.885: [GC (Allocation Failure)  30853K->21109K(32256K), 0.0022833 secs]
1070.245: [GC (Allocation Failure)  30837K->21157K(32256K), 0.0016910 secs]
1071.594: [GC (Allocation Failure)  30885K->21181K(32256K), 0.0021532 secs]
1073.117: [GC (Allocation Failure)  30909K->21229K(32256K), 0.0013711 secs]
1074.349: [GC (Allocation Failure)  30957K->21213K(32256K), 0.0014095 secs]
1075.545: [GC (Allocation Failure)  30941K->21237K(32256K), 0.0013996 secs]
1076.759: [GC (Allocation Failure)  30960K->21253K(32256K), 0.0014666 secs]
1078.111: [GC (Allocation Failure)  30981K->21269K(32256K), 0.0013958 secs]
1079.388: [GC (Allocation Failure)  30997K->21285K(32256K), 0.0023506 secs]
1080.638: [GC (Allocation Failure)  31013K->21301K(32256K), 0.0017365 secs]
1081.888: [GC (Allocation Failure)  31029K->21317K(32256K), 0.0013876 secs]
1083.086: [GC (Allocation Failure)  31041K->21333K(32256K), 0.0013904 secs]
1084.353: [GC (Allocation Failure)  31061K->21381K(32256K), 0.0015073 secs]
1085.673: [GC (Allocation Failure)  31104K->21365K(32256K), 0.0014039 secs]
1086.917: [GC (Allocation Failure)  31093K->21381K(32256K), 0.0014021 secs]
1088.089: [GC (Allocation Failure)  31109K->21397K(32256K), 0.0013879 secs]
1089.351: [GC (Allocation Failure)  31125K->21413K(32256K), 0.0013348 secs]
1090.554: [GC (Allocation Failure)  31141K->21429K(32256K), 0.0013802 secs]
1091.757: [GC (Allocation Failure)  31157K->21445K(32256K), 0.0019235 secs]
1092.889: [GC (Allocation Failure)  31173K->21461K(32256K), 0.0016581 secs]
1094.111: [GC (Allocation Failure)  31189K->21477K(32256K), 0.0016807 secs]
1095.316: [GC (Allocation Failure)  31205K->21493K(32256K), 0.0018740 secs]
1096.622: [GC (Allocation Failure)  31221K->21509K(32256K), 0.0019720 secs]
1098.398: [GC (Allocation Failure)  31237K->21557K(32256K), 0.0021276 secs]
1099.656: [GC (Allocation Failure)  31285K->21509K(32256K), 0.0038076 secs]
1101.162: [GC (Allocation Failure)  31229K->21533K(32256K), 0.0015429 secs]
1102.560: [GC (Allocation Failure)  31261K->21581K(32256K), 0.0013715 secs]
1103.996: [GC (Allocation Failure)  31305K->21597K(32256K), 0.0014823 secs]
1105.364: [GC (Allocation Failure)  31325K->21613K(32256K), 0.0013847 secs]
1106.760: [GC (Allocation Failure)  31341K->21629K(32256K), 0.0013613 secs]
1108.080: [GC (Allocation Failure)  31349K->21645K(32256K), 0.0018566 secs]
1109.312: [GC (Allocation Failure)  31373K->21693K(32256K), 0.0044745 secs]
1110.876: [GC (Allocation Failure)  31421K->21709K(32256K), 0.0014806 secs]
1112.363: [GC (Allocation Failure)  31437K->21725K(32256K), 0.0017805 secs]
1113.611: [GC (Allocation Failure)  31453K->21709K(32256K), 0.0014144 secs]
1114.837: [GC (Allocation Failure)  31437K->21725K(32256K), 0.0013917 secs]
1116.070: [GC (Allocation Failure)  31453K->21773K(32256K), 0.0014215 secs]
1117.240: [GC (Allocation Failure)  31495K->21789K(32256K), 0.0015028 secs]
1118.370: [GC (Allocation Failure)  31516K->21773K(32256K), 0.0014141 secs]
1119.676: [GC (Allocation Failure)  31501K->21789K(32256K), 0.0017734 secs]
1120.971: [GC (Allocation Failure)  31517K->21805K(32256K), 0.0014377 secs]
1122.494: [GC (Allocation Failure)  31527K->21853K(32256K), 0.0019853 secs]
1123.678: [GC (Allocation Failure)  31581K->21837K(32256K), 0.0013998 secs]
1124.969: [GC (Allocation Failure)  31565K->21853K(32256K), 0.0013521 secs]
1126.234: [GC (Allocation Failure)  31580K->21837K(32256K), 0.0018067 secs]
1127.710: [GC (Allocation Failure)  31565K->21885K(32256K), 0.0014124 secs]
1128.902: [GC (Allocation Failure)  31613K->21901K(32256K), 0.0014134 secs]
1130.394: [GC (Allocation Failure)  31628K->21925K(32256K), 0.0014865 secs]
1131.718: [GC (Allocation Failure)  31653K->21949K(32256K), 0.0014899 secs]
1132.973: [GC (Allocation Failure)  31677K->21965K(32256K), 0.0013356 secs]
1134.246: [GC (Allocation Failure)  31693K->21981K(32256K), 0.0013850 secs]
1135.719: [GC (Allocation Failure)  31709K->21997K(32256K), 0.0012643 secs]
1137.046: [GC (Allocation Failure)  31725K->22013K(32256K), 0.0012885 secs]
1138.342: [GC (Allocation Failure)  31741K->22029K(32256K), 0.0013234 secs]
1139.583: [GC (Allocation Failure)  31757K->22045K(32256K), 0.0049198 secs]
1141.045: [GC (Allocation Failure)  31773K->22029K(32256K), 0.0019699 secs]
1142.388: [GC (Allocation Failure)  31757K->22077K(32256K), 0.0018862 secs]
1143.654: [GC (Allocation Failure)  31805K->22093K(32256K), 0.0012532 secs]
1145.116: [GC (Allocation Failure)  31821K->22109K(32256K), 0.0017845 secs]
1146.448: [GC (Allocation Failure)  31837K->22157K(32256K), 0.0013001 secs]
1147.835: [GC (Allocation Failure)  31880K->22141K(32256K), 0.0014064 secs]
1149.124: [GC (Allocation Failure)  31869K->22157K(32256K), 0.0025697 secs]
1150.348: [GC (Allocation Failure)  31880K->22173K(32256K), 0.0013248 secs]
1152.607: [GC (Allocation Failure)  31901K->22221K(32256K), 0.0058245 secs]
1153.895: [GC (Allocation Failure)  31941K->22205K(32256K), 0.0012719 secs]
1155.210: [GC (Allocation Failure)  31933K->22221K(32256K), 0.0012842 secs]
1156.440: [GC (Allocation Failure)  31949K->22237K(32256K), 0.0012951 secs]
1156.442: [Full GC (Ergonomics)  22237K->19032K(32256K), 0.0646647 secs]
1157.727: [GC (Allocation Failure)  28753K->19160K(32256K), 0.0014039 secs]
1158.948: [GC (Allocation Failure)  28888K->19160K(32256K), 0.0012563 secs]
1160.207: [GC (Allocation Failure)  28888K->19160K(32256K), 0.0012816 secs]
1161.453: [GC (Allocation Failure)  28888K->19128K(32256K), 0.0015762 secs]
1162.819: [GC (Allocation Failure)  28856K->19192K(32256K), 0.0012576 secs]
1164.032: [GC (Allocation Failure)  28920K->19224K(32256K), 0.0012945 secs]
1165.284: [GC (Allocation Failure)  28952K->19224K(32256K), 0.0013038 secs]
1166.492: [GC (Allocation Failure)  28952K->19224K(32256K), 0.0012441 secs]
1167.737: [GC (Allocation Failure)  28952K->19192K(32256K), 0.0015989 secs]
1168.959: [GC (Allocation Failure)  28920K->19224K(32256K), 0.0035347 secs]
1170.125: [GC (Allocation Failure)  28952K->19224K(32256K), 0.0013877 secs]
1171.414: [GC (Allocation Failure)  28952K->19224K(32256K), 0.0018078 secs]
1172.695: [GC (Allocation Failure)  28952K->19256K(32256K), 0.0012040 secs]
1173.938: [GC (Allocation Failure)  28984K->19256K(32256K), 0.0014087 secs]
1175.090: [GC (Allocation Failure)  28984K->19288K(32256K), 0.0013609 secs]
1176.265: [GC (Allocation Failure)  29016K->19280K(32256K), 0.0015533 secs]
1177.599: [GC (Allocation Failure)  29008K->19264K(32256K), 0.0019289 secs]
1179.017: [GC (Allocation Failure)  28992K->19344K(32256K), 0.0013469 secs]
1180.390: [GC (Allocation Failure)  29065K->19360K(32256K), 0.0013821 secs]
1181.856: [GC (Allocation Failure)  29088K->19344K(32256K), 0.0016327 secs]
1183.008: [GC (Allocation Failure)  29072K->19360K(32256K), 0.0014042 secs]
1184.240: [GC (Allocation Failure)  29086K->19376K(32256K), 0.0015866 secs]
1185.601: [GC (Allocation Failure)  29104K->19392K(32256K), 0.0022202 secs]
1187.000: [GC (Allocation Failure)  29120K->19408K(32256K), 0.0020599 secs]
1188.303: [GC (Allocation Failure)  29136K->19424K(32256K), 0.0013883 secs]
1189.365: [GC (Allocation Failure)  29152K->19440K(32256K), 0.0014114 secs]
1190.729: [GC (Allocation Failure)  29168K->19456K(32256K), 0.0014443 secs]
1192.262: [GC (Allocation Failure)  29184K->19480K(32256K), 0.0013807 secs]
1193.580: [GC (Allocation Failure)  29208K->19464K(32256K), 0.0018760 secs]
1194.868: [GC (Allocation Failure)  29192K->19480K(32256K), 0.0013897 secs]
1196.264: [GC (Allocation Failure)  29208K->19528K(32256K), 0.0013801 secs]
1197.557: [GC (Allocation Failure)  29256K->19544K(32256K), 0.0015122 secs]
1198.822: [GC (Allocation Failure)  29272K->19560K(32256K), 0.0054908 secs]
1200.262: [GC (Allocation Failure)  29288K->19576K(32256K), 0.0012508 secs]
1201.237: [GC (Allocation Failure)  29304K->19592K(32256K), 0.0013792 secs]
1202.377: [GC (Allocation Failure)  29320K->19608K(32256K), 0.0014630 secs]
1203.561: [GC (Allocation Failure)  29336K->19624K(32256K), 0.0013753 secs]
1204.710: [GC (Allocation Failure)  29352K->19640K(32256K), 0.0013938 secs]
1205.884: [GC (Allocation Failure)  29368K->19656K(32256K), 0.0013688 secs]
1207.020: [GC (Allocation Failure)  29384K->19704K(32256K), 0.0013731 secs]
1208.816: [GC (Allocation Failure)  29432K->19720K(32256K), 0.0013252 secs]
1210.063: [GC (Allocation Failure)  29448K->19672K(32256K), 0.0017941 secs]
1211.165: [GC (Allocation Failure)  29400K->19720K(32256K), 0.0012470 secs]
1212.358: [GC (Allocation Failure)  29448K->19736K(32256K), 0.0014102 secs]
1213.339: [GC (Allocation Failure)  29464K->19792K(32256K), 0.0013182 secs]
1214.505: [GC (Allocation Failure)  29520K->19816K(32256K), 0.0013809 secs]
1216.103: [GC (Allocation Failure)  29544K->19832K(32256K), 0.0012191 secs]
1217.512: [GC (Allocation Failure)  29560K->19816K(32256K), 0.0012404 secs]
1218.894: [GC (Allocation Failure)  29544K->19832K(32256K), 0.0018273 secs]
1220.285: [GC (Allocation Failure)  29560K->19848K(32256K), 0.0017243 secs]
1221.774: [GC (Allocation Failure)  29576K->19864K(32256K), 0.0016595 secs]
1222.889: [GC (Allocation Failure)  29592K->19880K(32256K), 0.0015722 secs]
1224.058: [GC (Allocation Failure)  29608K->19896K(32256K), 0.0013652 secs]
1225.175: [GC (Allocation Failure)  29624K->19944K(32256K), 0.0014119 secs]
1226.311: [GC (Allocation Failure)  29672K->19936K(32256K), 0.0014393 secs]
1227.535: [GC (Allocation Failure)  29663K->19952K(32256K), 0.0013760 secs]
1228.672: [GC (Allocation Failure)  29677K->19968K(32256K), 0.0038742 secs]
1229.816: [GC (Allocation Failure)  29696K->20016K(32256K), 0.0013680 secs]
1230.985: [GC (Allocation Failure)  29744K->20032K(32256K), 0.0013704 secs]
1232.187: [GC (Allocation Failure)  29760K->20016K(32256K), 0.0013728 secs]
1233.403: [GC (Allocation Failure)  29741K->20064K(32256K), 0.0013525 secs]
1234.596: [GC (Allocation Failure)  29792K->20048K(32256K), 0.0013801 secs]
1235.767: [GC (Allocation Failure)  29769K->20064K(32256K), 0.0013944 secs]
1237.007: [GC (Allocation Failure)  29792K->20080K(32256K), 0.0018730 secs]
1238.229: [GC (Allocation Failure)  29808K->20096K(32256K), 0.0013918 secs]
1239.475: [GC (Allocation Failure)  29824K->20080K(32256K), 0.0018241 secs]
1240.696: [GC (Allocation Failure)  29808K->20128K(32256K), 0.0013693 secs]
1241.927: [GC (Allocation Failure)  29856K->20176K(32256K), 0.0016663 secs]
1243.186: [GC (Allocation Failure)  29904K->20192K(32256K), 0.0013501 secs]
1244.645: [GC (Allocation Failure)  29915K->20176K(32256K), 0.0012378 secs]
1245.834: [GC (Allocation Failure)  29904K->20192K(32256K), 0.0012136 secs]
1247.219: [GC (Allocation Failure)  29920K->20208K(32256K), 0.0018682 secs]
1248.671: [GC (Allocation Failure)  29936K->20256K(32256K), 0.0012586 secs]
1250.223: [GC (Allocation Failure)  29984K->20208K(32256K), 0.0015785 secs]
1252.078: [GC (Allocation Failure)  29936K->20288K(32256K), 0.0019366 secs]
1253.467: [GC (Allocation Failure)  30016K->20312K(32256K), 0.0012908 secs]
1254.834: [GC (Allocation Failure)  30040K->20296K(32256K), 0.0012263 secs]
1256.158: [GC (Allocation Failure)  30017K->20312K(32256K), 0.0012671 secs]
1257.528: [GC (Allocation Failure)  30040K->20328K(32256K), 0.0014101 secs]
1258.827: [GC (Allocation Failure)  30056K->20344K(32256K), 0.0045884 secs]
1259.932: [GC (Allocation Failure)  30072K->20360K(32256K), 0.0014307 secs]
1261.560: [GC (Allocation Failure)  30088K->20376K(32256K), 0.0012341 secs]
1262.991: [GC (Allocation Failure)  30099K->20424K(32256K), 0.0012093 secs]
1264.407: [GC (Allocation Failure)  30152K->20440K(32256K), 0.0012396 secs]
1265.746: [GC (Allocation Failure)  30168K->20456K(32256K), 0.0011991 secs]
1267.123: [GC (Allocation Failure)  30184K->20472K(32256K), 0.0019155 secs]
1268.498: [GC (Allocation Failure)  30200K->20456K(32256K), 0.0012560 secs]
1270.022: [GC (Allocation Failure)  30184K->20472K(32256K), 0.0012892 secs]
1271.309: [GC (Allocation Failure)  30200K->20488K(32256K), 0.0017175 secs]
1273.614: [GC (Allocation Failure)  30216K->20504K(32256K), 0.0012377 secs]
1274.831: [GC (Allocation Failure)  30232K->20552K(32256K), 0.0012010 secs]
1276.050: [GC (Allocation Failure)  30280K->20536K(32256K), 0.0012260 secs]
1277.273: [GC (Allocation Failure)  30264K->20584K(32256K), 0.0011566 secs]
1278.512: [GC (Allocation Failure)  30312K->20600K(32256K), 0.0012436 secs]
1279.739: [GC (Allocation Failure)  30321K->20584K(32256K), 0.0011928 secs]
1280.963: [GC (Allocation Failure)  30312K->20600K(32256K), 0.0012690 secs]
1282.166: [GC (Allocation Failure)  30321K->20648K(32256K), 0.0013240 secs]
1283.376: [GC (Allocation Failure)  30376K->20640K(32256K), 0.0012032 secs]
1284.592: [GC (Allocation Failure)  30368K->20656K(32256K), 0.0012416 secs]
1285.817: [GC (Allocation Failure)  30384K->20704K(32256K), 0.0012466 secs]
1287.034: [GC (Allocation Failure)  30426K->20688K(32256K), 0.0012531 secs]
1288.396: [GC (Allocation Failure)  30416K->20704K(32256K), 0.0012064 secs]
1289.500: [GC (Allocation Failure)  30429K->20720K(32256K), 0.0034083 secs]
1290.782: [GC (Allocation Failure)  30448K->20768K(32256K), 0.0011664 secs]
1292.075: [GC (Allocation Failure)  30496K->20752K(32256K), 0.0011888 secs]
1293.429: [GC (Allocation Failure)  30480K->20800K(32256K), 0.0013555 secs]
1294.600: [GC (Allocation Failure)  30528K->20784K(32256K), 0.0018382 secs]
1295.779: [GC (Allocation Failure)  30506K->20800K(32256K), 0.0013800 secs]
1297.078: [GC (Allocation Failure)  30528K->20848K(32256K), 0.0013675 secs]
1298.260: [GC (Allocation Failure)  30576K->20832K(32256K), 0.0013589 secs]
1299.386: [GC (Allocation Failure)  30555K->20848K(32256K), 0.0013422 secs]
1300.639: [GC (Allocation Failure)  30575K->20864K(32256K), 0.0013958 secs]
1302.012: [GC (Allocation Failure)  30592K->20848K(32256K), 0.0037092 secs]
1303.608: [GC (Allocation Failure)  30576K->20904K(32256K), 0.0013248 secs]
1304.779: [GC (Allocation Failure)  30629K->20952K(32256K), 0.0012217 secs]
1306.359: [GC (Allocation Failure)  30680K->20936K(32256K), 0.0018475 secs]
1307.624: [GC (Allocation Failure)  30664K->20952K(32256K), 0.0012349 secs]
1309.021: [GC (Allocation Failure)  30679K->21000K(32256K), 0.0013329 secs]
1310.208: [GC (Allocation Failure)  30728K->21016K(32256K), 0.0013114 secs]
1311.478: [GC (Allocation Failure)  30744K->21000K(32256K), 0.0021918 secs]
1313.002: [GC (Allocation Failure)  30728K->21016K(32256K), 0.0018084 secs]
1314.912: [GC (Allocation Failure)  30744K->21064K(32256K), 0.0020077 secs]
1316.217: [GC (Allocation Failure)  30791K->21048K(32256K), 0.0013614 secs]
1317.635: [GC (Allocation Failure)  30776K->21032K(32256K), 0.0018220 secs]
1318.876: [GC (Allocation Failure)  30760K->21080K(32256K), 0.0019451 secs]
1320.120: [GC (Allocation Failure)  30808K->21096K(32256K), 0.0016132 secs]
1321.363: [GC (Allocation Failure)  30824K->21112K(32256K), 0.0019767 secs]
1322.547: [GC (Allocation Failure)  30840K->21136K(32256K), 0.0013917 secs]
1323.720: [GC (Allocation Failure)  30864K->21152K(32256K), 0.0016245 secs]
1325.031: [GC (Allocation Failure)  30880K->21200K(32256K), 0.0013843 secs]
1326.407: [GC (Allocation Failure)  30928K->21184K(32256K), 0.0020078 secs]
1327.686: [GC (Allocation Failure)  30912K->21208K(32256K), 0.0023693 secs]
1328.949: [GC (Allocation Failure)  30931K->21224K(32256K), 0.0014408 secs]
1330.087: [GC (Allocation Failure)  30952K->21272K(32256K), 0.0013880 secs]
1331.237: [GC (Allocation Failure)  31000K->21288K(32256K), 0.0013346 secs]
1332.487: [GC (Allocation Failure)  31016K->21272K(32256K), 0.0014038 secs]
1333.920: [GC (Allocation Failure)  30997K->21328K(32256K), 0.0013644 secs]
1335.150: [GC (Allocation Failure)  31055K->21344K(32256K), 0.0013439 secs]
1336.393: [GC (Allocation Failure)  31066K->21336K(32256K), 0.0013109 secs]
1338.211: [GC (Allocation Failure)  31064K->21384K(32256K), 0.0014112 secs]
1339.370: [GC (Allocation Failure)  31112K->21400K(32256K), 0.0014909 secs]
1340.562: [GC (Allocation Failure)  31123K->21416K(32256K), 0.0013504 secs]
1341.847: [GC (Allocation Failure)  31142K->21408K(32256K), 0.0013755 secs]
1343.313: [GC (Allocation Failure)  31136K->21424K(32256K), 0.0014238 secs]
1344.647: [GC (Allocation Failure)  31152K->21472K(32256K), 0.0014803 secs]
1345.861: [GC (Allocation Failure)  31200K->21456K(32256K), 0.0012400 secs]
1347.239: [GC (Allocation Failure)  31184K->21504K(32256K), 0.0011787 secs]
1348.650: [GC (Allocation Failure)  31232K->21488K(32256K), 0.0034767 secs]
1350.118: [GC (Allocation Failure)  31216K->21504K(32256K), 0.0012498 secs]
1351.470: [GC (Allocation Failure)  31232K->21520K(32256K), 0.0012503 secs]
1352.796: [GC (Allocation Failure)  31248K->21568K(32256K), 0.0012204 secs]
1354.214: [GC (Allocation Failure)  31294K->21584K(32256K), 0.0012296 secs]
1355.564: [GC (Allocation Failure)  31309K->21568K(32256K), 0.0012918 secs]
1357.142: [GC (Allocation Failure)  31296K->21584K(32256K), 0.0010902 secs]
1358.567: [GC (Allocation Failure)  31312K->21640K(32256K), 0.0013400 secs]
1359.989: [GC (Allocation Failure)  31368K->21624K(32256K), 0.0018265 secs]
1361.425: [GC (Allocation Failure)  31352K->21640K(32256K), 0.0013972 secs]
1362.792: [GC (Allocation Failure)  31368K->21656K(32256K), 0.0014196 secs]
1364.212: [GC (Allocation Failure)  31384K->21680K(32256K), 0.0020882 secs]
1365.545: [GC (Allocation Failure)  31408K->21696K(32256K), 0.0013102 secs]
1366.893: [GC (Allocation Failure)  31424K->21744K(32256K), 0.0016947 secs]
1368.898: [GC (Allocation Failure)  31472K->21760K(32256K), 0.0029251 secs]
1370.081: [GC (Allocation Failure)  31481K->21752K(32256K), 0.0012317 secs]
1371.378: [GC (Allocation Failure)  31480K->21768K(32256K), 0.0019171 secs]
1372.660: [GC (Allocation Failure)  31491K->21784K(32256K), 0.0015987 secs]
1374.106: [GC (Allocation Failure)  31510K->21800K(32256K), 0.0020271 secs]
1375.433: [GC (Allocation Failure)  31528K->21816K(32256K), 0.0040923 secs]
1376.894: [GC (Allocation Failure)  31541K->21832K(32256K), 0.0014872 secs]
1378.217: [GC (Allocation Failure)  31560K->21848K(32256K), 0.0014711 secs]
1379.717: [GC (Allocation Failure)  31569K->21864K(32256K), 0.0018451 secs]
1381.448: [GC (Allocation Failure)  31592K->21880K(32256K), 0.0017739 secs]
1382.789: [GC (Allocation Failure)  31602K->21896K(32256K), 0.0021142 secs]
1384.085: [GC (Allocation Failure)  31624K->21944K(32256K), 0.0068453 secs]
1385.399: [GC (Allocation Failure)  31672K->21928K(32256K), 0.0013401 secs]
1386.595: [GC (Allocation Failure)  31656K->21912K(32256K), 0.0035515 secs]
1387.737: [GC (Allocation Failure)  31634K->21992K(32256K), 0.0017998 secs]
1388.950: [GC (Allocation Failure)  31720K->21944K(32256K), 0.0013571 secs]
1390.399: [GC (Allocation Failure)  31672K->22024K(32256K), 0.0030880 secs]
1393.364: [GC (Allocation Failure)  31752K->21976K(32256K), 0.0017161 secs]
1394.598: [GC (Allocation Failure)  31704K->21992K(32256K), 0.0020892 secs]
1395.884: [GC (Allocation Failure)  31715K->22040K(32256K), 0.0030278 secs]
1397.119: [GC (Allocation Failure)  31768K->22088K(32256K), 0.0012065 secs]
1398.287: [GC (Allocation Failure)  31816K->22104K(32256K), 0.0014513 secs]
1399.395: [GC (Allocation Failure)  31832K->22088K(32256K), 0.0014033 secs]
1400.501: [GC (Allocation Failure)  31816K->22136K(32256K), 0.0015276 secs]
1402.177: [GC (Allocation Failure)  31864K->22120K(32256K), 0.0031341 secs]
1403.763: [GC (Allocation Failure)  31846K->22144K(32256K), 0.0014727 secs]
1405.408: [GC (Allocation Failure)  31864K->22160K(32256K), 0.0019104 secs]
1407.168: [GC (Allocation Failure)  31888K->22208K(32256K), 0.0013231 secs]
1408.745: [GC (Allocation Failure)  31936K->22192K(32256K), 0.0130685 secs]
1410.782: [GC (Allocation Failure)  31920K->22216K(32256K), 0.0013694 secs]
1412.214: [GC (Allocation Failure)  31940K->22264K(32256K), 0.0016096 secs]
1412.216: [Full GC (Ergonomics)  22264K->20854K(32256K), 0.0654523 secs]
1413.550: [GC (Allocation Failure)  30577K->20982K(32256K), 0.0020281 secs]
1414.829: [GC (Allocation Failure)  30705K->20982K(32256K), 0.0016863 secs]
1416.087: [GC (Allocation Failure)  30710K->20982K(32256K), 0.0018612 secs]
1417.416: [GC (Allocation Failure)  30710K->20982K(32256K), 0.0017840 secs]
1419.036: [GC (Allocation Failure)  30710K->21014K(32256K), 0.0013861 secs]
1420.346: [GC (Allocation Failure)  30742K->20982K(32256K), 0.0017784 secs]
1421.737: [GC (Allocation Failure)  30710K->21046K(32256K), 0.0014200 secs]
1422.908: [GC (Allocation Failure)  30768K->21046K(32256K), 0.0018640 secs]
1424.128: [GC (Allocation Failure)  30772K->21046K(32256K), 0.0013012 secs]
1425.361: [GC (Allocation Failure)  30770K->21046K(32256K), 0.0015244 secs]
1426.559: [GC (Allocation Failure)  30774K->21046K(32256K), 0.0012248 secs]
1427.762: [GC (Allocation Failure)  30774K->21110K(32256K), 0.0012953 secs]
1428.845: [GC (Allocation Failure)  30838K->21078K(32256K), 0.0013422 secs]
1429.854: [GC (Allocation Failure)  30802K->21110K(32256K), 0.0013404 secs]
1430.877: [GC (Allocation Failure)  30838K->21110K(32256K), 0.0013265 secs]
1432.069: [GC (Allocation Failure)  30838K->21126K(32256K), 0.0012317 secs]
1433.470: [GC (Allocation Failure)  30854K->21142K(32256K), 0.0018552 secs]
1434.892: [GC (Allocation Failure)  30870K->21158K(32256K), 0.0014515 secs]
1436.304: [GC (Allocation Failure)  30886K->21174K(32256K), 0.0015239 secs]
1437.896: [GC (Allocation Failure)  30902K->21190K(32256K), 0.0013677 secs]
1439.205: [GC (Allocation Failure)  30918K->21238K(32256K), 0.0044394 secs]
1440.311: [GC (Allocation Failure)  30966K->21158K(32256K), 0.0015871 secs]
1441.483: [GC (Allocation Failure)  30886K->21270K(32256K), 0.0012164 secs]
1442.687: [GC (Allocation Failure)  30994K->21286K(32256K), 0.0013415 secs]
1443.831: [GC (Allocation Failure)  31014K->21302K(32256K), 0.0013461 secs]
1444.913: [GC (Allocation Failure)  31030K->21318K(32256K), 0.0013763 secs]
1446.104: [GC (Allocation Failure)  31046K->21302K(32256K), 0.0014069 secs]
1447.268: [GC (Allocation Failure)  31030K->21318K(32256K), 0.0013947 secs]
1448.467: [GC (Allocation Failure)  31046K->21334K(32256K), 0.0013744 secs]
1449.659: [GC (Allocation Failure)  31054K->21350K(32256K), 0.0014060 secs]
1450.929: [GC (Allocation Failure)  31077K->21366K(32256K), 0.0014721 secs]
1452.166: [GC (Allocation Failure)  31094K->21382K(32256K), 0.0013660 secs]
1453.453: [GC (Allocation Failure)  31110K->21366K(32256K), 0.0018746 secs]
1454.761: [GC (Allocation Failure)  31094K->21414K(32256K), 0.0016761 secs]
1456.033: [GC (Allocation Failure)  31138K->21430K(32256K), 0.0014089 secs]
1457.336: [GC (Allocation Failure)  31158K->21446K(32256K), 0.0014169 secs]
1458.619: [GC (Allocation Failure)  31174K->21494K(32256K), 0.0013439 secs]
1460.108: [GC (Allocation Failure)  31222K->21510K(32256K), 0.0014673 secs]
1461.430: [GC (Allocation Failure)  31238K->21526K(32256K), 0.0016180 secs]
1462.712: [GC (Allocation Failure)  31254K->21478K(32256K), 0.0016518 secs]
1464.043: [GC (Allocation Failure)  31206K->21526K(32256K), 0.0013784 secs]
1465.328: [GC (Allocation Failure)  31254K->21574K(32256K), 0.0013976 secs]
1466.626: [GC (Allocation Failure)  31302K->21526K(32256K), 0.0016321 secs]
1467.932: [GC (Allocation Failure)  31254K->21574K(32256K), 0.0013663 secs]
1469.147: [GC (Allocation Failure)  31302K->21454K(32256K), 0.0059188 secs]
1470.783: [GC (Allocation Failure)  31182K->21486K(32256K), 0.0014198 secs]
1472.221: [GC (Allocation Failure)  31214K->21486K(32256K), 0.0014347 secs]
1473.734: [GC (Allocation Failure)  31214K->21486K(32256K), 0.0015287 secs]
1475.074: [GC (Allocation Failure)  31214K->21486K(32256K), 0.0014506 secs]
1476.276: [GC (Allocation Failure)  31214K->21486K(32256K), 0.0014066 secs]
1477.865: [GC (Allocation Failure)  31214K->21550K(32256K), 0.0015095 secs]
1479.100: [GC (Allocation Failure)  31278K->21526K(32256K), 0.0016983 secs]
1480.401: [GC (Allocation Failure)  31254K->21526K(32256K), 0.0018360 secs]
1481.779: [GC (Allocation Failure)  31252K->21558K(32256K), 0.0015557 secs]
1483.197: [GC (Allocation Failure)  31286K->21590K(32256K), 0.0014222 secs]
1486.406: [GC (Allocation Failure)  31318K->21558K(32256K), 0.0015300 secs]
1487.805: [GC (Allocation Failure)  31286K->21622K(32256K), 0.0014047 secs]
1489.031: [GC (Allocation Failure)  31350K->21590K(32256K), 0.0012893 secs]
1490.250: [GC (Allocation Failure)  31314K->21622K(32256K), 0.0013734 secs]
1491.489: [GC (Allocation Failure)  31350K->21606K(32256K), 0.0013622 secs]
1492.693: [GC (Allocation Failure)  31334K->21622K(32256K), 0.0013832 secs]
1494.054: [GC (Allocation Failure)  31350K->21638K(32256K), 0.0012138 secs]
1495.256: [GC (Allocation Failure)  31366K->21654K(32256K), 0.0012753 secs]
1496.441: [GC (Allocation Failure)  31382K->21670K(32256K), 0.0021064 secs]
1497.645: [GC (Allocation Failure)  31398K->21686K(32256K), 0.0013057 secs]
1498.845: [GC (Allocation Failure)  31414K->21702K(32256K), 0.0036153 secs]
1499.999: [GC (Allocation Failure)  31430K->21726K(32256K), 0.0012761 secs]
1501.033: [GC (Allocation Failure)  31454K->21774K(32256K), 0.0013161 secs]
1502.513: [GC (Allocation Failure)  31502K->21790K(32256K), 0.0013142 secs]
1503.577: [GC (Allocation Failure)  31518K->21774K(32256K), 0.0013649 secs]
1504.699: [GC (Allocation Failure)  31497K->21790K(32256K), 0.0014523 secs]
1506.359: [GC (Allocation Failure)  31518K->21774K(32256K), 0.0020005 secs]
1507.663: [GC (Allocation Failure)  31502K->21822K(32256K), 0.0013037 secs]
1508.834: [GC (Allocation Failure)  31550K->21838K(32256K), 0.0013209 secs]
1510.046: [GC (Allocation Failure)  31566K->21822K(32256K), 0.0021158 secs]
1511.408: [GC (Allocation Failure)  31550K->21870K(32256K), 0.0023572 secs]
1512.752: [GC (Allocation Failure)  31598K->21854K(32256K), 0.0023080 secs]
1514.939: [GC (Allocation Failure)  31582K->21902K(32256K), 0.0021592 secs]
1516.140: [GC (Allocation Failure)  31630K->21958K(32256K), 0.0014320 secs]
1517.363: [GC (Allocation Failure)  31686K->21942K(32256K), 0.0020125 secs]
1518.581: [GC (Allocation Failure)  31670K->21998K(32256K), 0.0013583 secs]
1519.788: [GC (Allocation Failure)  31726K->22014K(32256K), 0.0013576 secs]
1521.029: [GC (Allocation Failure)  31742K->21966K(32256K), 0.0019614 secs]
1522.262: [GC (Allocation Failure)  31694K->22014K(32256K), 0.0012567 secs]
1523.473: [GC (Allocation Failure)  31742K->22030K(32256K), 0.0014315 secs]
1524.377: [GC (Allocation Failure)  31750K->22086K(32256K), 0.0013677 secs]
1525.377: [GC (Allocation Failure)  31814K->22102K(32256K), 0.0015020 secs]
1526.348: [GC (Allocation Failure)  31830K->22118K(32256K), 0.0013552 secs]
1527.345: [GC (Allocation Failure)  31846K->22102K(32256K), 0.0014557 secs]
1529.352: [GC (Allocation Failure)  31824K->22150K(32256K), 0.0041082 secs]
1531.020: [GC (Allocation Failure)  31878K->22134K(32256K), 0.0021104 secs]
1532.448: [GC (Allocation Failure)  31862K->22150K(32256K), 0.0014655 secs]
1533.892: [GC (Allocation Failure)  31878K->22166K(32256K), 0.0013279 secs]
1535.344: [GC (Allocation Failure)  31894K->22182K(32256K), 0.0013698 secs]
1536.720: [GC (Allocation Failure)  31910K->22198K(32256K), 0.0014100 secs]
1538.128: [GC (Allocation Failure)  31926K->22214K(32256K), 0.0020290 secs]
1539.810: [GC (Allocation Failure)  31942K->22262K(32256K), 0.0013926 secs]
1539.812: [Full GC (Ergonomics)  22262K->13956K(32256K), 0.0295355 secs]
1541.180: [GC (Allocation Failure)  23684K->14052K(32256K), 0.0017174 secs]
1542.454: [GC (Allocation Failure)  23780K->14052K(32256K), 0.0019839 secs]
1543.795: [GC (Allocation Failure)  23780K->14084K(32256K), 0.0013577 secs]
1545.159: [GC (Allocation Failure)  23812K->14084K(32256K), 0.0016649 secs]
1546.388: [GC (Allocation Failure)  23812K->14084K(32256K), 0.0016842 secs]
1547.650: [GC (Allocation Failure)  23812K->14148K(32256K), 0.0014129 secs]
1548.985: [GC (Allocation Failure)  23876K->14084K(32256K), 0.0018865 secs]
1550.471: [GC (Allocation Failure)  23812K->14116K(32256K), 0.0014837 secs]
1551.781: [GC (Allocation Failure)  23844K->14116K(32256K), 0.0018169 secs]
1553.037: [GC (Allocation Failure)  23844K->14148K(32256K), 0.0012260 secs]
1554.205: [GC (Allocation Failure)  23876K->14116K(32256K), 0.0020196 secs]
1555.678: [GC (Allocation Failure)  23844K->14180K(32256K), 0.0012450 secs]
1556.860: [GC (Allocation Failure)  23908K->14180K(32256K), 0.0012522 secs]
1558.112: [GC (Allocation Failure)  23903K->14180K(32256K), 0.0013695 secs]
1559.440: [GC (Allocation Failure)  23907K->14212K(32256K), 0.0017140 secs]
1562.286: [GC (Allocation Failure)  23940K->14204K(32256K), 0.0012260 secs]
1563.574: [GC (Allocation Failure)  23932K->14252K(32256K), 0.0012834 secs]
1564.872: [GC (Allocation Failure)  23980K->14236K(32256K), 0.0013949 secs]
1566.120: [GC (Allocation Failure)  23964K->14292K(32256K), 0.0012737 secs]
1567.319: [GC (Allocation Failure)  24020K->14316K(32256K), 0.0012170 secs]
1568.456: [GC (Allocation Failure)  24044K->14300K(32256K), 0.0013892 secs]
1569.661: [GC (Allocation Failure)  24028K->14284K(32256K), 0.0019916 secs]
1570.889: [GC (Allocation Failure)  24012K->14364K(32256K), 0.0019373 secs]
1572.124: [GC (Allocation Failure)  24092K->14316K(32256K), 0.0018467 secs]
1573.357: [GC (Allocation Failure)  24044K->14364K(32256K), 0.0015711 secs]
1574.832: [GC (Allocation Failure)  24092K->14380K(32256K), 0.0012894 secs]
1576.088: [GC (Allocation Failure)  24108K->14428K(32256K), 0.0012776 secs]
1577.417: [GC (Allocation Failure)  24156K->14420K(32256K), 0.0012411 secs]
1578.715: [GC (Allocation Failure)  24148K->14436K(32256K), 0.0012460 secs]
1580.103: [GC (Allocation Failure)  24164K->14460K(32256K), 0.0016117 secs]
1581.552: [GC (Allocation Failure)  24188K->14476K(32256K), 0.0013653 secs]
1582.870: [GC (Allocation Failure)  24204K->14492K(32256K), 0.0013712 secs]
1584.372: [GC (Allocation Failure)  24220K->14476K(32256K), 0.0018328 secs]
1585.697: [GC (Allocation Failure)  24204K->14556K(32256K), 0.0013263 secs]
1586.983: [GC (Allocation Failure)  24284K->14540K(32256K), 0.0013295 secs]
1588.264: [GC (Allocation Failure)  24268K->14556K(32256K), 0.0019481 secs]
1589.567: [GC (Allocation Failure)  24284K->14572K(32256K), 0.0049861 secs]
1590.930: [GC (Allocation Failure)  24300K->14588K(32256K), 0.0013681 secs]
1592.216: [GC (Allocation Failure)  24316K->14604K(32256K), 0.0012857 secs]
1593.590: [GC (Allocation Failure)  24332K->14620K(32256K), 0.0013516 secs]
1595.130: [GC (Allocation Failure)  24348K->14644K(32256K), 0.0012443 secs]
1596.440: [GC (Allocation Failure)  24372K->14660K(32256K), 0.0013613 secs]
1597.747: [GC (Allocation Failure)  24388K->14708K(32256K), 0.0013765 secs]
1599.044: [GC (Allocation Failure)  24436K->14692K(32256K), 0.0013240 secs]
1600.327: [GC (Allocation Failure)  24420K->14716K(32256K), 0.0020351 secs]
1601.524: [GC (Allocation Failure)  24444K->14732K(32256K), 0.0013531 secs]
1602.716: [GC (Allocation Failure)  24453K->14780K(32256K), 0.0013961 secs]
1604.114: [GC (Allocation Failure)  24508K->14796K(32256K), 0.0013220 secs]
1605.602: [GC (Allocation Failure)  24524K->14812K(32256K), 0.0013601 secs]
1607.306: [GC (Allocation Failure)  24540K->14796K(32256K), 0.0018380 secs]
1608.755: [GC (Allocation Failure)  24524K->14812K(32256K), 0.0012785 secs]
1610.129: [GC (Allocation Failure)  24540K->14828K(32256K), 0.0014183 secs]
1611.497: [GC (Allocation Failure)  24556K->14876K(32256K), 0.0021775 secs]
1612.843: [GC (Allocation Failure)  24604K->14860K(32256K), 0.0012464 secs]
1614.193: [GC (Allocation Failure)  24588K->14908K(32256K), 0.0019543 secs]
1615.616: [GC (Allocation Failure)  24636K->14900K(32256K), 0.0030909 secs]
1617.146: [GC (Allocation Failure)  24628K->14916K(32256K), 0.0018004 secs]
1618.465: [GC (Allocation Failure)  24644K->14900K(32256K), 0.0021814 secs]
1619.825: [GC (Allocation Failure)  24628K->14948K(32256K), 0.0021202 secs]
1621.105: [GC (Allocation Failure)  24676K->14964K(32256K), 0.0019549 secs]
1622.464: [GC (Allocation Failure)  24692K->14980K(32256K), 0.0013332 secs]
1623.800: [GC (Allocation Failure)  24708K->14996K(32256K), 0.0013564 secs]
1625.135: [GC (Allocation Failure)  24724K->15012K(32256K), 0.0012897 secs]
1626.664: [GC (Allocation Failure)  24740K->15028K(32256K), 0.0012572 secs]
1628.021: [GC (Allocation Failure)  24756K->15044K(32256K), 0.0019560 secs]
1629.343: [GC (Allocation Failure)  24772K->15060K(32256K), 0.0012396 secs]
1630.749: [GC (Allocation Failure)  24788K->15084K(32256K), 0.0012674 secs]
1632.108: [GC (Allocation Failure)  24812K->15100K(32256K), 0.0015436 secs]
1633.661: [GC (Allocation Failure)  24828K->15116K(32256K), 0.0013885 secs]
1637.160: [GC (Allocation Failure)  24844K->15100K(32256K), 0.0042131 secs]
1638.379: [GC (Allocation Failure)  24828K->15156K(32256K), 0.0014183 secs]
1639.568: [GC (Allocation Failure)  24883K->15172K(32256K), 0.0012047 secs]
1640.835: [GC (Allocation Failure)  24900K->15188K(32256K), 0.0015383 secs]
1641.955: [GC (Allocation Failure)  24916K->15212K(32256K), 0.0014043 secs]
1643.130: [GC (Allocation Failure)  24940K->15228K(32256K), 0.0013554 secs]
1644.316: [GC (Allocation Failure)  24956K->15284K(32256K), 0.0013611 secs]
1645.690: [GC (Allocation Failure)  25012K->15276K(32256K), 0.0015788 secs]
1647.611: [GC (Allocation Failure)  25004K->15332K(32256K), 0.0027750 secs]
1649.418: [GC (Allocation Failure)  25060K->15316K(32256K), 0.0016316 secs]
1651.534: [GC (Allocation Failure)  25044K->15332K(32256K), 0.0013567 secs]
1652.889: [GC (Allocation Failure)  25053K->15380K(32256K), 0.0015285 secs]
1653.937: [GC (Allocation Failure)  25108K->15300K(32256K), 0.0046003 secs]
1654.855: [GC (Allocation Failure)  25028K->15412K(32256K), 0.0013392 secs]
1656.031: [GC (Allocation Failure)  25140K->15436K(32256K), 0.0016621 secs]
1657.350: [GC (Allocation Failure)  25162K->15420K(32256K), 0.0041624 secs]
1658.470: [GC (Allocation Failure)  25148K->15468K(32256K), 0.0015335 secs]
1659.664: [GC (Allocation Failure)  25196K->15484K(32256K), 0.0013287 secs]
1661.103: [GC (Allocation Failure)  25208K->15500K(32256K), 0.0040230 secs]
1662.325: [GC (Allocation Failure)  25228K->15484K(32256K), 0.0014564 secs]
1663.483: [GC (Allocation Failure)  25208K->15500K(32256K), 0.0013645 secs]
1664.479: [GC (Allocation Failure)  25228K->15548K(32256K), 0.0013534 secs]
1665.467: [GC (Allocation Failure)  25276K->15564K(32256K), 0.0012088 secs]
1666.663: [GC (Allocation Failure)  25292K->15548K(32256K), 0.0013701 secs]
1667.898: [GC (Allocation Failure)  25276K->15596K(32256K), 0.0017718 secs]
1669.172: [GC (Allocation Failure)  25324K->15612K(32256K), 0.0013410 secs]
1670.223: [GC (Allocation Failure)  25340K->15596K(32256K), 0.0013726 secs]
1671.343: [GC (Allocation Failure)  25324K->15644K(32256K), 0.0013976 secs]
1672.578: [GC (Allocation Failure)  25372K->15628K(32256K), 0.0013908 secs]
1673.894: [GC (Allocation Failure)  25356K->15660K(32256K), 0.0014375 secs]
1675.167: [GC (Allocation Failure)  25388K->15676K(32256K), 0.0013116 secs]
1676.529: [GC (Allocation Failure)  25397K->15724K(32256K), 0.0012933 secs]
1677.863: [GC (Allocation Failure)  25452K->15740K(32256K), 0.0020035 secs]
1679.200: [GC (Allocation Failure)  25468K->15724K(32256K), 0.0034555 secs]
1680.531: [GC (Allocation Failure)  25452K->15740K(32256K), 0.0013104 secs]
1681.929: [GC (Allocation Failure)  25465K->15796K(32256K), 0.0012112 secs]
1683.035: [GC (Allocation Failure)  25524K->15780K(32256K), 0.0012765 secs]
1683.950: [GC (Allocation Failure)  25508K->15796K(32256K), 0.0013921 secs]
1685.005: [GC (Allocation Failure)  25524K->15780K(32256K), 0.0019542 secs]
1686.014: [GC (Allocation Failure)  25508K->15828K(32256K), 0.0016530 secs]
1687.055: [GC (Allocation Failure)  25556K->15844K(32256K), 0.0016751 secs]
1688.163: [GC (Allocation Failure)  25572K->15860K(32256K), 0.0016589 secs]
1689.370: [GC (Allocation Failure)  25588K->15844K(32256K), 0.0018348 secs]
1690.761: [GC (Allocation Failure)  25572K->15892K(32256K), 0.0013423 secs]
1692.284: [GC (Allocation Failure)  25619K->15908K(32256K), 0.0014100 secs]
1694.137: [GC (Allocation Failure)  25636K->15924K(32256K), 0.0029335 secs]
1695.565: [GC (Allocation Failure)  25652K->15908K(32256K), 0.0019866 secs]
1696.945: [GC (Allocation Failure)  25636K->15924K(32256K), 0.0020657 secs]
1698.263: [GC (Allocation Failure)  25652K->15972K(32256K), 0.0013776 secs]
1699.630: [GC (Allocation Failure)  25700K->15988K(32256K), 0.0013419 secs]
1701.296: [GC (Allocation Failure)  25716K->16036K(32256K), 0.0012369 secs]
1702.779: [GC (Allocation Failure)  25764K->16052K(32256K), 0.0019302 secs]
1703.945: [GC (Allocation Failure)  25780K->16068K(32256K), 0.0017647 secs]
1705.320: [GC (Allocation Failure)  25796K->16052K(32256K), 0.0013788 secs]
1706.639: [GC (Allocation Failure)  25780K->16084K(32256K), 0.0014451 secs]
1707.968: [GC (Allocation Failure)  25812K->16068K(32256K), 0.0019237 secs]
1709.412: [GC (Allocation Failure)  25796K->16148K(32256K), 0.0038013 secs]
1711.012: [GC (Allocation Failure)  25876K->16132K(32256K), 0.0017082 secs]
1712.366: [GC (Allocation Failure)  25860K->16180K(32256K), 0.0023889 secs]
1713.611: [GC (Allocation Failure)  25908K->16196K(32256K), 0.0013427 secs]
1714.906: [GC (Allocation Failure)  25924K->16180K(32256K), 0.0012526 secs]
1716.014: [GC (Allocation Failure)  25906K->16196K(32256K), 0.0013972 secs]
1717.150: [GC (Allocation Failure)  25924K->16212K(32256K), 0.0012118 secs]
1718.510: [GC (Allocation Failure)  25940K->16228K(32256K), 0.0013008 secs]
1719.884: [GC (Allocation Failure)  25956K->16244K(32256K), 0.0013604 secs]
1721.263: [GC (Allocation Failure)  25972K->16260K(32256K), 0.0013582 secs]
1722.584: [GC (Allocation Failure)  25988K->16308K(32256K), 0.0019543 secs]
1723.898: [GC (Allocation Failure)  26036K->16324K(32256K), 0.0015888 secs]
1725.103: [GC (Allocation Failure)  26052K->16276K(32256K), 0.0017075 secs]
1726.255: [GC (Allocation Failure)  26004K->16324K(32256K), 0.0013850 secs]
1727.419: [GC (Allocation Failure)  26052K->16340K(32256K), 0.0014050 secs]
1728.611: [GC (Allocation Failure)  26068K->16356K(32256K), 0.0017052 secs]
1729.740: [GC (Allocation Failure)  26084K->16372K(32256K), 0.0015953 secs]
1730.808: [GC (Allocation Failure)  26100K->16388K(32256K), 0.0014339 secs]
1731.917: [GC (Allocation Failure)  26114K->16404K(32256K), 0.0013830 secs]
1733.120: [GC (Allocation Failure)  26132K->16428K(32256K), 0.0015006 secs]
1734.458: [GC (Allocation Failure)  26155K->16444K(32256K), 0.0012758 secs]
1735.670: [GC (Allocation Failure)  26172K->16492K(32256K), 0.0018816 secs]
1736.945: [GC (Allocation Failure)  26216K->16476K(32256K), 0.0013957 secs]
1738.048: [GC (Allocation Failure)  26204K->16492K(32256K), 0.0013815 secs]
1739.189: [GC (Allocation Failure)  26220K->16508K(32256K), 0.0016254 secs]
1740.634: [GC (Allocation Failure)  26236K->16524K(32256K), 0.0023213 secs]
1742.226: [GC (Allocation Failure)  26252K->16540K(32256K), 0.0013578 secs]
1743.454: [GC (Allocation Failure)  26263K->16588K(32256K), 0.0017773 secs]
1744.750: [GC (Allocation Failure)  26313K->16572K(32256K), 0.0016020 secs]
1746.236: [GC (Allocation Failure)  26300K->16620K(32256K), 0.0012978 secs]
1747.854: [GC (Allocation Failure)  26345K->16636K(32256K), 0.0013890 secs]
1749.258: [GC (Allocation Failure)  26364K->16620K(32256K), 0.0014011 secs]
1750.422: [GC (Allocation Failure)  26348K->16668K(32256K), 0.0013832 secs]
1751.563: [GC (Allocation Failure)  26396K->16684K(32256K), 0.0014040 secs]
1752.714: [GC (Allocation Failure)  26412K->16668K(32256K), 0.0014164 secs]
1753.915: [GC (Allocation Failure)  26396K->16684K(32256K), 0.0012320 secs]
1755.949: [GC (Allocation Failure)  26409K->16668K(32256K), 0.0015397 secs]
1757.652: [GC (Allocation Failure)  26396K->16716K(32256K), 0.0013256 secs]
1759.014: [GC (Allocation Failure)  26444K->16732K(32256K), 0.0013783 secs]
1760.378: [GC (Allocation Failure)  26460K->16748K(32256K), 0.0013190 secs]
1761.718: [GC (Allocation Failure)  26476K->16764K(32256K), 0.0013001 secs]
1763.073: [GC (Allocation Failure)  26489K->16780K(32256K), 0.0013578 secs]
1764.665: [GC (Allocation Failure)  26508K->16828K(32256K), 0.0017177 secs]
1766.041: [GC (Allocation Failure)  26556K->16820K(32256K), 0.0012934 secs]
1767.401: [GC (Allocation Failure)  26548K->16876K(32256K), 0.0017338 secs]
1768.722: [GC (Allocation Failure)  26601K->16892K(32256K), 0.0039391 secs]
1769.933: [GC (Allocation Failure)  26620K->16908K(32256K), 0.0012690 secs]
1771.259: [GC (Allocation Failure)  26636K->16892K(32256K), 0.0013141 secs]
1772.583: [GC (Allocation Failure)  26620K->16940K(32256K), 0.0013937 secs]
1773.890: [GC (Allocation Failure)  26668K->16924K(32256K), 0.0012800 secs]
1775.460: [GC (Allocation Failure)  26652K->16972K(32256K), 0.0013179 secs]
1776.873: [GC (Allocation Failure)  26700K->16988K(32256K), 0.0028876 secs]
1777.905: [GC (Allocation Failure)  26716K->16972K(32256K), 0.0022870 secs]
1779.142: [GC (Allocation Failure)  26700K->16988K(32256K), 0.0012736 secs]
1780.468: [GC (Allocation Failure)  26716K->17004K(32256K), 0.0020067 secs]
1781.815: [GC (Allocation Failure)  26732K->17020K(32256K), 0.0013095 secs]
1783.126: [GC (Allocation Failure)  26748K->17004K(32256K), 0.0021714 secs]
1784.397: [GC (Allocation Failure)  26732K->17052K(32256K), 0.0013394 secs]
1785.657: [GC (Allocation Failure)  26780K->17068K(32256K), 0.0013260 secs]
1787.077: [GC (Allocation Failure)  26796K->17084K(32256K), 0.0011852 secs]
1788.410: [GC (Allocation Failure)  26812K->17132K(32256K), 0.0012626 secs]
1789.789: [GC (Allocation Failure)  26860K->17148K(32256K), 0.0012858 secs]
1791.109: [GC (Allocation Failure)  26874K->17132K(32256K), 0.0023436 secs]
1792.498: [GC (Allocation Failure)  26860K->17148K(32256K), 0.0013560 secs]
1793.827: [GC (Allocation Failure)  26874K->17164K(32256K), 0.0013295 secs]
1795.140: [GC (Allocation Failure)  26892K->17212K(32256K), 0.0012645 secs]
1796.355: [GC (Allocation Failure)  26940K->17204K(32256K), 0.0013977 secs]
1797.628: [GC (Allocation Failure)  26932K->17220K(32256K), 0.0013428 secs]
1798.952: [GC (Allocation Failure)  26948K->17268K(32256K), 0.0037069 secs]
1800.383: [GC (Allocation Failure)  26991K->17252K(32256K), 0.0012756 secs]
1801.867: [GC (Allocation Failure)  26980K->17300K(32256K), 0.0014008 secs]
1805.089: [GC (Allocation Failure)  27024K->17316K(32256K), 0.0012998 secs]
1806.405: [GC (Allocation Failure)  27044K->17300K(32256K), 0.0013042 secs]
1807.742: [GC (Allocation Failure)  27028K->17316K(32256K), 0.0013388 secs]
1809.054: [GC (Allocation Failure)  27044K->17332K(32256K), 0.0013098 secs]
1810.511: [GC (Allocation Failure)  27060K->17348K(32256K), 0.0012093 secs]
1811.790: [GC (Allocation Failure)  27071K->17364K(32256K), 0.0012599 secs]
1813.066: [GC (Allocation Failure)  27092K->17348K(32256K), 0.0018966 secs]
1814.342: [GC (Allocation Failure)  27076K->17396K(32256K), 0.0013294 secs]
1815.589: [GC (Allocation Failure)  27124K->17412K(32256K), 0.0013216 secs]
1816.884: [GC (Allocation Failure)  27140K->17428K(32256K), 0.0013121 secs]
1818.141: [GC (Allocation Failure)  27154K->17444K(32256K), 0.0013157 secs]
1819.412: [GC (Allocation Failure)  27172K->17460K(32256K), 0.0013313 secs]
1820.653: [GC (Allocation Failure)  27188K->17508K(32256K), 0.0013231 secs]
1822.129: [GC (Allocation Failure)  27236K->17492K(32256K), 0.0012257 secs]
1823.359: [GC (Allocation Failure)  27218K->17508K(32256K), 0.0013255 secs]
1824.637: [GC (Allocation Failure)  27236K->17524K(32256K), 0.0021340 secs]
1825.922: [GC (Allocation Failure)  27252K->17580K(32256K), 0.0012564 secs]
1827.218: [GC (Allocation Failure)  27308K->17596K(32256K), 0.0013151 secs]
1828.485: [GC (Allocation Failure)  27324K->17580K(32256K), 0.0037849 secs]
1829.761: [GC (Allocation Failure)  27308K->17596K(32256K), 0.0019674 secs]
1831.037: [GC (Allocation Failure)  27324K->17612K(32256K), 0.0012907 secs]
1832.357: [GC (Allocation Failure)  27340K->17628K(32256K), 0.0018100 secs]
1833.882: [GC (Allocation Failure)  27356K->17676K(32256K), 0.0018472 secs]
1835.171: [GC (Allocation Failure)  27404K->17660K(32256K), 0.0012856 secs]
1836.499: [GC (Allocation Failure)  27388K->17676K(32256K), 0.0012122 secs]
1837.794: [GC (Allocation Failure)  27404K->17692K(32256K), 0.0013198 secs]
1839.089: [GC (Allocation Failure)  27418K->17740K(32256K), 0.0013008 secs]
1840.390: [GC (Allocation Failure)  27468K->17756K(32256K), 0.0013305 secs]
1841.694: [GC (Allocation Failure)  27484K->17740K(32256K), 0.0020819 secs]
1842.947: [GC (Allocation Failure)  27468K->17756K(32256K), 0.0013118 secs]
1844.265: [GC (Allocation Failure)  27484K->17804K(32256K), 0.0019247 secs]
1845.505: [GC (Allocation Failure)  27532K->17788K(32256K), 0.0013432 secs]
1846.804: [GC (Allocation Failure)  27516K->17844K(32256K), 0.0012825 secs]
1848.168: [GC (Allocation Failure)  27572K->17828K(32256K), 0.0013392 secs]
1849.598: [GC (Allocation Failure)  27556K->17876K(32256K), 0.0013407 secs]
1851.093: [GC (Allocation Failure)  27604K->17860K(32256K), 0.0013478 secs]
1854.704: [GC (Allocation Failure)  27588K->17908K(32256K), 0.0012747 secs]
1856.230: [GC (Allocation Failure)  27636K->17924K(32256K), 0.0012753 secs]
1857.551: [GC (Allocation Failure)  27652K->17908K(32256K), 0.0014674 secs]
1858.850: [GC (Allocation Failure)  27636K->17932K(32256K), 0.0013326 secs]
1860.278: [GC (Allocation Failure)  27660K->17948K(32256K), 0.0011993 secs]
1861.528: [GC (Allocation Failure)  27669K->17964K(32256K), 0.0013251 secs]
1862.803: [GC (Allocation Failure)  27692K->17980K(32256K), 0.0013051 secs]
1864.080: [GC (Allocation Failure)  27708K->17996K(32256K), 0.0012932 secs]
1865.326: [GC (Allocation Failure)  27721K->18012K(32256K), 0.0012930 secs]
1866.576: [GC (Allocation Failure)  27735K->18028K(32256K), 0.0013316 secs]
1867.895: [GC (Allocation Failure)  27756K->18084K(32256K), 0.0014531 secs]
1869.156: [GC (Allocation Failure)  27812K->18100K(32256K), 0.0012663 secs]
1870.436: [GC (Allocation Failure)  27827K->18084K(32256K), 0.0013244 secs]
1871.860: [GC (Allocation Failure)  27812K->18100K(32256K), 0.0012973 secs]
1873.130: [GC (Allocation Failure)  27828K->18116K(32256K), 0.0016368 secs]
1874.365: [GC (Allocation Failure)  27844K->18172K(32256K), 0.0012216 secs]
1875.643: [GC (Allocation Failure)  27900K->18156K(32256K), 0.0013345 secs]
1877.838: [GC (Allocation Failure)  27884K->18172K(32256K), 0.0012264 secs]
1879.046: [GC (Allocation Failure)  27900K->18188K(32256K), 0.0012524 secs]
1880.283: [GC (Allocation Failure)  27916K->18236K(32256K), 0.0012388 secs]
1881.481: [GC (Allocation Failure)  27964K->18252K(32256K), 0.0012319 secs]
1882.738: [GC (Allocation Failure)  27980K->18268K(32256K), 0.0011909 secs]
1883.950: [GC (Allocation Failure)  27996K->18252K(32256K), 0.0018427 secs]
1885.201: [GC (Allocation Failure)  27980K->18268K(32256K), 0.0015542 secs]
1886.416: [GC (Allocation Failure)  27996K->18324K(32256K), 0.0012932 secs]
1887.676: [GC (Allocation Failure)  28047K->18340K(32256K), 0.0013247 secs]
1888.866: [GC (Allocation Failure)  28068K->18356K(32256K), 0.0035684 secs]
1889.906: [GC (Allocation Failure)  28084K->18372K(32256K), 0.0013457 secs]
1890.909: [GC (Allocation Failure)  28097K->18388K(32256K), 0.0013455 secs]
1891.873: [GC (Allocation Failure)  28112K->18372K(32256K), 0.0013726 secs]
1892.871: [GC (Allocation Failure)  28100K->18388K(32256K), 0.0015395 secs]
1893.874: [GC (Allocation Failure)  28116K->18404K(32256K), 0.0013617 secs]
1895.614: [GC (Allocation Failure)  28132K->18420K(32256K), 0.0041001 secs]
1897.348: [GC (Allocation Failure)  28148K->18436K(32256K), 0.0014023 secs]
1898.571: [GC (Allocation Failure)  28164K->18484K(32256K), 0.0012398 secs]
1899.830: [GC (Allocation Failure)  28212K->18468K(32256K), 0.0018026 secs]
1901.059: [GC (Allocation Failure)  28196K->18516K(32256K), 0.0013703 secs]
1902.299: [GC (Allocation Failure)  28244K->18500K(32256K), 0.0013953 secs]
1903.645: [GC (Allocation Failure)  28228K->18556K(32256K), 0.0013907 secs]
1905.150: [GC (Allocation Failure)  28277K->18540K(32256K), 0.0013969 secs]
1907.066: [GC (Allocation Failure)  28261K->18556K(32256K), 0.0016385 secs]
1908.893: [GC (Allocation Failure)  28284K->18540K(32256K), 0.0019370 secs]
1910.276: [GC (Allocation Failure)  28263K->18588K(32256K), 0.0013905 secs]
1911.407: [GC (Allocation Failure)  28316K->18572K(32256K), 0.0016157 secs]
1912.595: [GC (Allocation Failure)  28300K->18620K(32256K), 0.0014673 secs]
1913.759: [GC (Allocation Failure)  28348K->18604K(32256K), 0.0018228 secs]
1914.778: [GC (Allocation Failure)  28332K->18652K(32256K), 0.0012325 secs]
1915.951: [GC (Allocation Failure)  28380K->18700K(32256K), 0.0013926 secs]
1917.207: [GC (Allocation Failure)  28428K->18684K(32256K), 0.0014273 secs]
1918.541: [GC (Allocation Failure)  28412K->18700K(32256K), 0.0020999 secs]
1919.854: [GC (Allocation Failure)  28428K->18716K(32256K), 0.0013653 secs]
1921.035: [GC (Allocation Failure)  28444K->18764K(32256K), 0.0013454 secs]
1922.297: [GC (Allocation Failure)  28492K->18780K(32256K), 0.0013434 secs]
1923.546: [GC (Allocation Failure)  28508K->18764K(32256K), 0.0018846 secs]
1924.769: [GC (Allocation Failure)  28492K->18780K(32256K), 0.0019560 secs]
1925.942: [GC (Allocation Failure)  28508K->18796K(32256K), 0.0016328 secs]
1927.236: [GC (Allocation Failure)  28521K->18844K(32256K), 0.0014166 secs]
1928.484: [GC (Allocation Failure)  28572K->18828K(32256K), 0.0016284 secs]
1929.749: [GC (Allocation Failure)  28556K->18844K(32256K), 0.0018477 secs]
1931.019: [GC (Allocation Failure)  28572K->18860K(32256K), 0.0013631 secs]
1932.264: [GC (Allocation Failure)  28588K->18876K(32256K), 0.0014506 secs]
1933.208: [GC (Allocation Failure)  28604K->18892K(32256K), 0.0017101 secs]
1934.263: [GC (Allocation Failure)  28620K->18940K(32256K), 0.0014443 secs]
1935.368: [GC (Allocation Failure)  28668K->18956K(32256K), 0.0012507 secs]
1936.536: [GC (Allocation Failure)  28684K->18940K(32256K), 0.0014235 secs]
1937.759: [GC (Allocation Failure)  28668K->18988K(32256K), 0.0013790 secs]
1938.959: [GC (Allocation Failure)  28715K->19004K(32256K), 0.0012314 secs]
1940.158: [GC (Allocation Failure)  28730K->19020K(32256K), 0.0013543 secs]
1941.422: [GC (Allocation Failure)  28748K->19004K(32256K), 0.0013991 secs]
1942.624: [GC (Allocation Failure)  28732K->19020K(32256K), 0.0013753 secs]
1943.780: [GC (Allocation Failure)  28748K->19036K(32256K), 0.0013894 secs]
1945.097: [GC (Allocation Failure)  28764K->19092K(32256K), 0.0013327 secs]
1946.297: [GC (Allocation Failure)  28820K->19108K(32256K), 0.0012595 secs]
1947.592: [GC (Allocation Failure)  28836K->19092K(32256K), 0.0020538 secs]
1948.934: [GC (Allocation Failure)  28820K->19108K(32256K), 0.0037813 secs]
1950.247: [GC (Allocation Failure)  28836K->19124K(32256K), 0.0014081 secs]
1951.616: [GC (Allocation Failure)  28852K->19140K(32256K), 0.0014302 secs]
1952.980: [GC (Allocation Failure)  28864K->19156K(32256K), 0.0014691 secs]
1954.450: [GC (Allocation Failure)  28884K->19172K(32256K), 0.0013597 secs]
1955.719: [GC (Allocation Failure)  28900K->19188K(32256K), 0.0015341 secs]
1957.024: [GC (Allocation Failure)  28913K->19204K(32256K), 0.0014094 secs]
1958.296: [GC (Allocation Failure)  28932K->19252K(32256K), 0.0013495 secs]
1959.580: [GC (Allocation Failure)  28980K->19236K(32256K), 0.0015124 secs]
1960.859: [GC (Allocation Failure)  28964K->19252K(32256K), 0.0013679 secs]
1962.056: [GC (Allocation Failure)  28980K->19268K(32256K), 0.0013830 secs]
1963.285: [GC (Allocation Failure)  28996K->19316K(32256K), 0.0013593 secs]
1964.529: [GC (Allocation Failure)  29044K->19332K(32256K), 0.0014147 secs]
1966.496: [GC (Allocation Failure)  29060K->19348K(32256K), 0.0011866 secs]
1968.069: [GC (Allocation Failure)  29076K->19372K(32256K), 0.0012626 secs]
1969.595: [GC (Allocation Failure)  29100K->19356K(32256K), 0.0013818 secs]
1971.064: [GC (Allocation Failure)  29084K->19372K(32256K), 0.0019425 secs]
1972.795: [GC (Allocation Failure)  29100K->19388K(32256K), 0.0011849 secs]
1974.261: [GC (Allocation Failure)  29116K->19404K(32256K), 0.0013219 secs]
1975.679: [GC (Allocation Failure)  29132K->19420K(32256K), 0.0012960 secs]
1977.053: [GC (Allocation Failure)  29140K->19468K(32256K), 0.0012634 secs]
1978.431: [GC (Allocation Failure)  29196K->19460K(32256K), 0.0018314 secs]
1979.728: [GC (Allocation Failure)  29188K->19476K(32256K), 0.0012502 secs]
1981.250: [GC (Allocation Failure)  29202K->19492K(32256K), 0.0011586 secs]
1982.633: [GC (Allocation Failure)  29220K->19540K(32256K), 0.0013773 secs]
1983.835: [GC (Allocation Failure)  29268K->19524K(32256K), 0.0021483 secs]
1985.119: [GC (Allocation Failure)  29252K->19540K(32256K), 0.0015701 secs]
1986.330: [GC (Allocation Failure)  29268K->19556K(32256K), 0.0014449 secs]
1987.537: [GC (Allocation Failure)  29284K->19604K(32256K), 0.0025793 secs]
1988.767: [GC (Allocation Failure)  29332K->19620K(32256K), 0.0013491 secs]
1989.895: [GC (Allocation Failure)  29348K->19636K(32256K), 0.0020056 secs]
1991.323: [GC (Allocation Failure)  29360K->19620K(32256K), 0.0021522 secs]
1992.600: [GC (Allocation Failure)  29344K->19636K(32256K), 0.0016978 secs]
1993.825: [GC (Allocation Failure)  29364K->19652K(32256K), 0.0014448 secs]
1994.991: [GC (Allocation Failure)  29377K->19700K(32256K), 0.0013864 secs]
1996.185: [GC (Allocation Failure)  29422K->19716K(32256K), 0.0012765 secs]
1998.250: [GC (Allocation Failure)  29439K->19732K(32256K), 0.0016462 secs]
1999.532: [GC (Allocation Failure)  29460K->19716K(32256K), 0.0015873 secs]
2000.719: [GC (Allocation Failure)  29444K->19732K(32256K), 0.0015639 secs]
2001.874: [GC (Allocation Failure)  29460K->19748K(32256K), 0.0014065 secs]
2003.444: [GC (Allocation Failure)  29476K->19764K(32256K), 0.0014356 secs]
2004.613: [GC (Allocation Failure)  29492K->19780K(32256K), 0.0013759 secs]
2005.725: [GC (Allocation Failure)  29508K->19796K(32256K), 0.0018524 secs]
2006.687: [GC (Allocation Failure)  29524K->19852K(32256K), 0.0013815 secs]
2007.775: [GC (Allocation Failure)  29580K->19836K(32256K), 0.0013662 secs]
2009.178: [GC (Allocation Failure)  29564K->19852K(32256K), 0.0015256 secs]
2010.528: [GC (Allocation Failure)  29580K->19868K(32256K), 0.0013430 secs]
2011.778: [GC (Allocation Failure)  29596K->19892K(32256K), 0.0013723 secs]
2013.107: [GC (Allocation Failure)  29620K->19908K(32256K), 0.0013842 secs]
2014.350: [GC (Allocation Failure)  29636K->19924K(32256K), 0.0013689 secs]
2015.583: [GC (Allocation Failure)  29652K->19940K(32256K), 0.0014059 secs]
2016.845: [GC (Allocation Failure)  29668K->19988K(32256K), 0.0013938 secs]
2018.264: [GC (Allocation Failure)  29716K->19972K(32256K), 0.0015801 secs]
2019.542: [GC (Allocation Failure)  29695K->20020K(32256K), 0.0013730 secs]
2021.241: [GC (Allocation Failure)  29748K->20036K(32256K), 0.0013966 secs]
